Component: Arm Compiler for Embedded 6.22 Tool: armlink [5ee90200]

==============================================================================

Section Cross References

    oscfg.o(.data.OsCfg_TCBs) refers to osekintroii_example5.o(.text) for OsTask_ReadControlSignal_Task
    oscfg.o(.data.OsCfg_TCBs) refers to task.o(.text) for OsTask_IdleMechanism
    oscfg.o(.data.OsCfg_Alarms) refers to oscfg.o(.data.MainCounter) for MainCounter
    counter.o(.text) refers to oscfg.o(.rodata.OsCfg_SYSTEM_TICK_IN_MS) for OsCfg_SYSTEM_TICK_IN_MS
    counter.o(.text) refers to counter.o(.bss.OsCnt_SystemCounter) for OsCnt_SystemCounter
    counter.o(.ARM.exidx) refers to counter.o(.text) for [Anonymous Symbol]
    keiluvisoin_startup.o(RESET) refers to keiluvisoin_startup.o(STACK) for __initial_sp
    keiluvisoin_startup.o(RESET) refers to keiluvisoin_startup.o(.text) for Reset_Handler
    keiluvisoin_startup.o(RESET) refers to task.o(.text) for SVC_Dispatcher
    keiluvisoin_startup.o(RESET) refers to port.o(.text) for OsPort_PendSVHandler
    keiluvisoin_startup.o(RESET) refers to alarm.o(.text) for SystemTimerHandler
    keiluvisoin_startup.o(.text) refers to osekintroii_example5.o(.text) for SystemInit
    keiluvisoin_startup.o(.text) refers to entry.o(.ARM.Collect$$$$00000000) for __main
    hook.o(.ARM.exidx) refers to hook.o(.text) for [Anonymous Symbol]
    osekintroii_example5.o(.text) refers to task.o(.text) for StartOS
    osekintroii_example5.o(.text) refers to osekintroii_example5.o(.bss.ReadControlSignal_Task_Toggle) for ReadControlSignal_Task_Toggle
    osekintroii_example5.o(.text) refers to osekintroii_example5.o(.bss.controlData) for controlData
    osekintroii_example5.o(.text) refers to event.o(.text) for ClearEvent
    osekintroii_example5.o(.text) refers to enginetemperatureactuator.o(.text) for ReadControlSignal
    osekintroii_example5.o(.text) refers to osekintroii_example5.o(.bss.Actuator_Task_Toggle) for Actuator_Task_Toggle
    osekintroii_example5.o(.text) refers to rte_enginetemperatureactuator.o(.text) for Rte_ReadDataControlSignal
    osekintroii_example5.o(.ARM.exidx) refers to osekintroii_example5.o(.text) for [Anonymous Symbol]
    canif.o(.text) refers to canif.o(.bss.CanIf_Config) for CanIf_Config
    canif.o(.text) refers to canif.o(.bss.CanIf_State) for CanIf_State
    canif.o(.text) refers to det.o(.text) for Det_ReportError
    canif.o(.text) refers to candriver.o(.text) for Can_Read
    canif.o(.ARM.exidx) refers to canif.o(.text) for [Anonymous Symbol]
    iohwab_enginetempactuator.o(.text) refers to det.o(.text) for Det_ReportError
    iohwab_enginetempactuator.o(.text) refers to pwm.o(.text) for Pwm_SetDutyCycle
    iohwab_enginetempactuator.o(.text) refers to dio.o(.text) for Dio_WriteChannel
    iohwab_enginetempactuator.o(.ARM.exidx) refers to iohwab_enginetempactuator.o(.text) for [Anonymous Symbol]
    candriver.o(.text) refers to candriver.o(.bss.Can_State) for Can_State
    candriver.o(.text) refers to det.o(.text) for Det_ReportError
    candriver.o(.text) refers to candriver.o(.bss.Can_Read.sdu_data) for Can_Read.sdu_data
    candriver.o(.text) refers to rand.o(.text) for rand
    candriver.o(.text) refers to candriver.o(.bss.dataFan) for dataFan
    candriver.o(.text) refers to candriver.o(.bss.dataPump) for dataPump
    candriver.o(.text) refers to candriver.o(.bss.dataLight) for dataLight
    candriver.o(.ARM.exidx) refers to candriver.o(.text) for [Anonymous Symbol]
    dio.o(.text) refers to dio.o(.bss.is_initialized) for is_initialized
    dio.o(.text) refers to dio.o(.bss.dio_channels) for dio_channels
    dio.o(.text) refers to printf3.o(i.__0printf$3) for __2printf
    dio.o(.text) refers to det.o(.text) for Det_ReportError
    dio.o(.ARM.exidx) refers to dio.o(.text) for [Anonymous Symbol]
    pwm.o(.text) refers to pwm.o(.bss.is_initialized) for is_initialized
    pwm.o(.text) refers to pwm.o(.bss.pwm_duty_cycles) for pwm_duty_cycles
    pwm.o(.text) refers to pwm.o(.bss.last_pwm_duty_cycle_channel1) for last_pwm_duty_cycle_channel1
    pwm.o(.text) refers to det.o(.text) for Det_ReportError
    pwm.o(.text) refers to pwm.o(.bss.last_pwm_duty_cycle_channel0) for last_pwm_duty_cycle_channel0
    pwm.o(.ARM.exidx) refers to pwm.o(.text) for [Anonymous Symbol]
    com.o(.text) refers to com.o(.bss.is_initialized) for is_initialized
    com.o(.text) refers to det.o(.text) for Det_ReportError
    com.o(.text) refers to pdu_r.o(.text) for PduR_UserLoTpRxIndication
    com.o(.ARM.exidx) refers to com.o(.text) for [Anonymous Symbol]
    pdu_r.o(.text) refers to pdu_r.o(.bss.PduR_State) for PduR_State
    pdu_r.o(.text) refers to det.o(.text) for Det_ReportError
    pdu_r.o(.text) refers to canif.o(.text) for CanIf_Receive
    pdu_r.o(.ARM.exidx) refers to pdu_r.o(.text) for [Anonymous Symbol]
    dem.o(.text) refers to dem.o(.bss.is_initialized) for is_initialized
    dem.o(.text) refers to dem.o(.bss.events) for events
[...]
    printfb.o(i.__0printf$bare) refers to fputc.o(i.fputc) for fputc
    printfb.o(i.__0printf$bare) refers to stdout.o(.data) for __stdout
    printfb.o(i.__0snprintf$bare) refers to printfb.o(i._printf_core) for _printf_core
    printfb.o(i.__0snprintf$bare) refers to printfb.o(i._snputc) for _snputc
    printfb.o(i.__0sprintf$bare) refers to printfb.o(i._printf_core) for _printf_core
    printfb.o(i.__0sprintf$bare) refers to printfb.o(i._sputc) for _sputc
    printfb.o(i.__0vfprintf$bare) refers to printfb.o(i._printf_core) for _printf_core
    printfb.o(i.__0vfprintf$bare) refers to fputc.o(i.fputc) for fputc
    printfb.o(i.__0vprintf$bare) refers to printfb.o(i._printf_core) for _printf_core
    printfb.o(i.__0vprintf$bare) refers to fputc.o(i.fputc) for fputc
    printfb.o(i.__0vprintf$bare) refers to stdout.o(.data) for __stdout
    printfb.o(i.__0vsnprintf$bare) refers to printfb.o(i._printf_core) for _printf_core
    printfb.o(i.__0vsnprintf$bare) refers to printfb.o(i._snputc) for _snputc
    printfb.o(i.__0vsprintf$bare) refers to printfb.o(i._printf_core) for _printf_core
    printfb.o(i.__0vsprintf$bare) refers to printfb.o(i._sputc) for _sputc
    printf0.o(i.__0fprintf$0) refers to printf0.o(i._printf_core) for _printf_core
    printf0.o(i.__0fprintf$0) refers to fputc.o(i.fputc) for fputc
    printf0.o(i.__0printf$0) refers to printf0.o(i._printf_core) for _printf_core
    printf0.o(i.__0printf$0) refers to fputc.o(i.fputc) for fputc
    printf0.o(i.__0printf$0) refers to stdout.o(.data) for __stdout
    printf0.o(i.__0snprintf$0) refers to printf0.o(i._printf_core) for _printf_core
    printf0.o(i.__0snprintf$0) refers to printf0.o(i._snputc) for _snputc
    printf0.o(i.__0sprintf$0) refers to printf0.o(i._printf_core) for _printf_core
    printf0.o(i.__0sprintf$0) refers to printf0.o(i._sputc) for _sputc
    printf0.o(i.__0vfprintf$0) refers to printf0.o(i._printf_core) for _printf_core
    printf0.o(i.__0vfprintf$0) refers to fputc.o(i.fputc) for fputc
    printf0.o(i.__0vprintf$0) refers to printf0.o(i._printf_core) for _printf_core
    printf0.o(i.__0vprintf$0) refers to fputc.o(i.fputc) for fputc
    printf0.o(i.__0vprintf$0) refers to stdout.o(.data) for __stdout
    printf0.o(i.__0vsnprintf$0) refers to printf0.o(i._printf_core) for _printf_core
    printf0.o(i.__0vsnprintf$0) refers to printf0.o(i._snputc) for _snputc
    printf0.o(i.__0vsprintf$0) refers to printf0.o(i._printf_core) for _printf_core
    printf0.o(i.__0vsprintf$0) refers to printf0.o(i._sputc) for _sputc
    printf1.o(i.__0fprintf$1) refers to printf1.o(i._printf_core) for _printf_core
    printf1.o(i.__0fprintf$1) refers to fputc.o(i.fputc) for fputc
    printf1.o(i.__0printf$1) refers to printf1.o(i._printf_core) for _printf_core
    printf1.o(i.__0printf$1) refers to fputc.o(i.fputc) for fputc
    printf1.o(i.__0printf$1) refers to stdout.o(.data) for __stdout
    printf1.o(i.__0snprintf$1) refers to printf1.o(i._printf_core) for _printf_core
    printf1.o(i.__0snprintf$1) refers to printf1.o(i._snputc) for _snputc
    printf1.o(i.__0sprintf$1) refers to printf1.o(i._printf_core) for _printf_core
    printf1.o(i.__0sprintf$1) refers to printf1.o(i._sputc) for _sputc
    printf1.o(i.__0vfprintf$1) refers to printf1.o(i._printf_core) for _printf_core
    printf1.o(i.__0vfprintf$1) refers to fputc.o(i.fputc) for fputc
    printf1.o(i.__0vprintf$1) refers to printf1.o(i._printf_core) for _printf_core
    printf1.o(i.__0vprintf$1) refers to fputc.o(i.fputc) for fputc
    printf1.o(i.__0vprintf$1) refers to stdout.o(.data) for __stdout
    printf1.o(i.__0vsnprintf$1) refers to printf1.o(i._printf_core) for _printf_core
    printf1.o(i.__0vsnprintf$1) refers to printf1.o(i._snputc) for _snputc
    printf1.o(i.__0vsprintf$1) refers to printf1.o(i._printf_core) for _printf_core
    printf1.o(i.__0vsprintf$1) refers to printf1.o(i._sputc) for _sputc
    printf1.o(i._printf_core) refers to uidiv.o(.text) for __aeabi_uidivmod
    printf2.o(i.__0fprintf$2) refers to printf2.o(i._printf_core) for _printf_core
    printf2.o(i.__0fprintf$2) refers to fputc.o(i.fputc) for fputc
    printf2.o(i.__0printf$2) refers to printf2.o(i._printf_core) for _printf_core
    printf2.o(i.__0printf$2) refers to fputc.o(i.fputc) for fputc
    printf2.o(i.__0printf$2) refers to stdout.o(.data) for __stdout
    printf2.o(i.__0snprintf$2) refers to printf2.o(i._printf_core) for _printf_core
    printf2.o(i.__0snprintf$2) refers to printf2.o(i._snputc) for _snputc
    printf2.o(i.__0sprintf$2) refers to printf2.o(i._printf_core) for _printf_core
    printf2.o(i.__0sprintf$2) refers to printf2.o(i._sputc) for _sputc
    printf2.o(i.__0vfprintf$2) refers to printf2.o(i._printf_core) for _printf_core
    printf2.o(i.__0vfprintf$2) refers to fputc.o(i.fputc) for fputc
    printf2.o(i.__0vprintf$2) refers to printf2.o(i._printf_core) for _printf_core
    printf2.o(i.__0vprintf$2) refers to fputc.o(i.fputc) for fputc
    printf2.o(i.__0vprintf$2) refers to stdout.o(.data) for __stdout
    printf2.o(i.__0vsnprintf$2) refers to printf2.o(i._printf_core) for _printf_core
    printf2.o(i.__0vsnprintf$2) refers to printf2.o(i._snputc) for _snputc
    printf2.o(i.__0vsprintf$2) refers to printf2.o(i._printf_core) for _printf_core
    printf2.o(i.__0vsprintf$2) refers to printf2.o(i._sputc) for _sputc
    printf3.o(i.__0fprintf$3) refers to printf3.o(i._printf_core) for _printf_core
    printf3.o(i.__0fprintf$3) refers to fputc.o(i.fputc) for fputc
    printf3.o(i.__0printf$3) refers to printf3.o(i._printf_core) for _printf_core
    printf3.o(i.__0printf$3) refers to fputc.o(i.fputc) for fputc
    printf3.o(i.__0printf$3) refers to stdout.o(.data) for __stdout
    printf3.o(i.__0snprintf$3) refers to printf3.o(i._printf_core) for _printf_core
    printf3.o(i.__0snprintf$3) refers to printf3.o(i._snputc) for _snputc
    printf3.o(i.__0sprintf$3) refers to printf3.o(i._printf_core) for _printf_core
    printf3.o(i.__0sprintf$3) refers to printf3.o(i._sputc) for _sputc
    printf3.o(i.__0vfprintf$3) refers to printf3.o(i._printf_core) for _printf_core
    printf3.o(i.__0vfprintf$3) refers to fputc.o(i.fputc) for fputc
    printf3.o(i.__0vprintf$3) refers to printf3.o(i._printf_core) for _printf_core
    printf3.o(i.__0vprintf$3) refers to fputc.o(i.fputc) for fputc
    printf3.o(i.__0vprintf$3) refers to stdout.o(.data) for __stdout
    printf3.o(i.__0vsnprintf$3) refers to printf3.o(i._printf_core) for _printf_core
    printf3.o(i.__0vsnprintf$3) refers to printf3.o(i._snputc) for _snputc
    printf3.o(i.__0vsprintf$3) refers to printf3.o(i._printf_core) for _printf_core
    printf3.o(i.__0vsprintf$3) refers to printf3.o(i._sputc) for _sputc
    printf3.o(i._printf_core) refers to uidiv.o(.text) for __aeabi_uidivmod
    printf4.o(i.__0fprintf$4) refers to printf4.o(i._printf_core) for _printf_core
    printf4.o(i.__0fprintf$4) refers to fputc.o(i.fputc) for fputc
    printf4.o(i.__0printf$4) refers to printf4.o(i._printf_core) for _printf_core
    printf4.o(i.__0printf$4) refers to fputc.o(i.fputc) for fputc
    printf4.o(i.__0printf$4) refers to stdout.o(.data) for __stdout
    printf4.o(i.__0snprintf$4) refers to printf4.o(i._printf_core) for _printf_core
    printf4.o(i.__0snprintf$4) refers to printf4.o(i._snputc) for _snputc
    printf4.o(i.__0sprintf$4) refers to printf4.o(i._printf_core) for _printf_core
    printf4.o(i.__0sprintf$4) refers to printf4.o(i._sputc) for _sputc
    printf4.o(i.__0vfprintf$4) refers to printf4.o(i._printf_core) for _printf_core
    printf4.o(i.__0vfprintf$4) refers to fputc.o(i.fputc) for fputc
    printf4.o(i.__0vprintf$4) refers to printf4.o(i._printf_core) for _printf_core
    printf4.o(i.__0vprintf$4) refers to fputc.o(i.fputc) for fputc
    printf4.o(i.__0vprintf$4) refers to stdout.o(.data) for __stdout
    printf4.o(i.__0vsnprintf$4) refers to printf4.o(i._printf_core) for _printf_core
    printf4.o(i.__0vsnprintf$4) refers to printf4.o(i._snputc) for _snputc
    printf4.o(i.__0vsprintf$4) refers to printf4.o(i._printf_core) for _printf_core
    printf4.o(i.__0vsprintf$4) refers to printf4.o(i._sputc) for _sputc
    printf4.o(i._printf_core) refers to uldiv.o(.text) for __aeabi_uldivmod
    printf5.o(i.__0fprintf$5) refers to printf5.o(i._printf_core) for _printf_core
    printf5.o(i.__0fprintf$5) refers to fputc.o(i.fputc) for fputc
    printf5.o(i.__0printf$5) refers to printf5.o(i._printf_core) for _printf_core
    printf5.o(i.__0printf$5) refers to fputc.o(i.fputc) for fputc
    printf5.o(i.__0printf$5) refers to stdout.o(.data) for __stdout
    printf5.o(i.__0snprintf$5) refers to printf5.o(i._printf_core) for _printf_core
    printf5.o(i.__0snprintf$5) refers to printf5.o(i._snputc) for _snputc
    printf5.o(i.__0sprintf$5) refers to printf5.o(i._printf_core) for _printf_core
    printf5.o(i.__0sprintf$5) refers to printf5.o(i._sputc) for _sputc
    printf5.o(i.__0vfprintf$5) refers to printf5.o(i._printf_core) for _printf_core
    printf5.o(i.__0vfprintf$5) refers to fputc.o(i.fputc) for fputc
    printf5.o(i.__0vprintf$5) refers to printf5.o(i._printf_core) for _printf_core
    printf5.o(i.__0vprintf$5) refers to fputc.o(i.fputc) for fputc
    printf5.o(i.__0vprintf$5) refers to stdout.o(.data) for __stdout
    printf5.o(i.__0vsnprintf$5) refers to printf5.o(i._printf_core) for _printf_core
    printf5.o(i.__0vsnprintf$5) refers to printf5.o(i._snputc) for _snputc
    printf5.o(i.__0vsprintf$5) refers to printf5.o(i._printf_core) for _printf_core
    printf5.o(i.__0vsprintf$5) refers to printf5.o(i._sputc) for _sputc
    printf5.o(i._printf_core) refers to uldiv.o(.text) for __aeabi_uldivmod
    printf6.o(i.__0fprintf$6) refers to printf6.o(i._printf_core) for _printf_core
    printf6.o(i.__0fprintf$6) refers to fputc.o(i.fputc) for fputc
    printf6.o(i.__0printf$6) refers to printf6.o(i._printf_core) for _printf_core
    printf6.o(i.__0printf$6) refers to fputc.o(i.fputc) for fputc
    printf6.o(i.__0printf$6) refers to stdout.o(.data) for __stdout
    printf6.o(i.__0snprintf$6) refers to printf6.o(i._printf_core) for _printf_core
    printf6.o(i.__0snprintf$6) refers to printf6.o(i._snputc) for _snputc
    printf6.o(i.__0sprintf$6) refers to printf6.o(i._printf_core) for _printf_core
    printf6.o(i.__0sprintf$6) refers to printf6.o(i._sputc) for _sputc
    printf6.o(i.__0vfprintf$6) refers to printf6.o(i._printf_core) for _printf_core
    printf6.o(i.__0vfprintf$6) refers to fputc.o(i.fputc) for fputc
    printf6.o(i.__0vprintf$6) refers to printf6.o(i._printf_core) for _printf_core
    printf6.o(i.__0vprintf$6) refers to fputc.o(i.fputc) for fputc
    printf6.o(i.__0vprintf$6) refers to stdout.o(.data) for __stdout
    printf6.o(i.__0vsnprintf$6) refers to printf6.o(i._printf_core) for _printf_core
    printf6.o(i.__0vsnprintf$6) refers to printf6.o(i._snputc) for _snputc
    printf6.o(i.__0vsprintf$6) refers to printf6.o(i._printf_core) for _printf_core
    printf6.o(i.__0vsprintf$6) refers to printf6.o(i._sputc) for _sputc
    printf6.o(i._printf_core) refers to printf6.o(i._printf_pre_padding) for _printf_pre_padding
    printf6.o(i._printf_core) refers to uidiv.o(.text) for __aeabi_uidivmod
    printf6.o(i._printf_core) refers to printf6.o(i._printf_post_padding) for _printf_post_padding
    printf7.o(i.__0fprintf$7) refers to printf7.o(i._printf_core) for _printf_core
    printf7.o(i.__0fprintf$7) refers to fputc.o(i.fputc) for fputc
    printf7.o(i.__0printf$7) refers to printf7.o(i._printf_core) for _printf_core
    printf7.o(i.__0printf$7) refers to fputc.o(i.fputc) for fputc
    printf7.o(i.__0printf$7) refers to stdout.o(.data) for __stdout
    printf7.o(i.__0snprintf$7) refers to printf7.o(i._printf_core) for _printf_core
    printf7.o(i.__0snprintf$7) refers to printf7.o(i._snputc) for _snputc
    printf7.o(i.__0sprintf$7) refers to printf7.o(i._printf_core) for _printf_core
    printf7.o(i.__0sprintf$7) refers to printf7.o(i._sputc) for _sputc
    printf7.o(i.__0vfprintf$7) refers to printf7.o(i._printf_core) for _printf_core
    printf7.o(i.__0vfprintf$7) refers to fputc.o(i.fputc) for fputc
    printf7.o(i.__0vprintf$7) refers to printf7.o(i._printf_core) for _printf_core
    printf7.o(i.__0vprintf$7) refers to fputc.o(i.fputc) for fputc
    printf7.o(i.__0vprintf$7) refers to stdout.o(.data) for __stdout
    printf7.o(i.__0vsnprintf$7) refers to printf7.o(i._printf_core) for _printf_core
    printf7.o(i.__0vsnprintf$7) refers to printf7.o(i._snputc) for _snputc
    printf7.o(i.__0vsprintf$7) refers to printf7.o(i._printf_core) for _printf_core
    printf7.o(i.__0vsprintf$7) refers to printf7.o(i._sputc) for _sputc
    printf7.o(i._printf_core) refers to printf7.o(i._printf_pre_padding) for _printf_pre_padding
    printf7.o(i._printf_core) refers to uldiv.o(.text) for __aeabi_uldivmod
    printf7.o(i._printf_core) refers to printf7.o(i._printf_post_padding) for _printf_post_padding
    printf8.o(i.__0fprintf$8) refers to printf8.o(i._printf_core) for _printf_core
    printf8.o(i.__0fprintf$8) refers to fputc.o(i.fputc) for fputc
    printf8.o(i.__0printf$8) refers to printf8.o(i._printf_core) for _printf_core
    printf8.o(i.__0printf$8) refers to fputc.o(i.fputc) for fputc
    printf8.o(i.__0printf$8) refers to stdout.o(.data) for __stdout
    printf8.o(i.__0snprintf$8) refers to printf8.o(i._printf_core) for _printf_core
    printf8.o(i.__0snprintf$8) refers to printf8.o(i._snputc) for _snputc
    printf8.o(i.__0sprintf$8) refers to printf8.o(i._printf_core) for _printf_core
    printf8.o(i.__0sprintf$8) refers to printf8.o(i._sputc) for _sputc
    printf8.o(i.__0vfprintf$8) refers to printf8.o(i._printf_core) for _printf_core
    printf8.o(i.__0vfprintf$8) refers to fputc.o(i.fputc) for fputc
    printf8.o(i.__0vprintf$8) refers to printf8.o(i._printf_core) for _printf_core
    printf8.o(i.__0vprintf$8) refers to fputc.o(i.fputc) for fputc
    printf8.o(i.__0vprintf$8) refers to stdout.o(.data) for __stdout
    printf8.o(i.__0vsnprintf$8) refers to printf8.o(i._printf_core) for _printf_core
    printf8.o(i.__0vsnprintf$8) refers to printf8.o(i._snputc) for _snputc
    printf8.o(i.__0vsprintf$8) refers to printf8.o(i._printf_core) for _printf_core
    printf8.o(i.__0vsprintf$8) refers to printf8.o(i._sputc) for _sputc
    printf8.o(i._printf_core) refers to printf8.o(i._printf_pre_padding) for _printf_pre_padding
    printf8.o(i._printf_core) refers to uldiv.o(.text) for __aeabi_uldivmod
    printf8.o(i._printf_core) refers to printf8.o(i._printf_post_padding) for _printf_post_padding
    printfa.o(i.__0fprintf) refers (Special) to iusefp.o(.text) for __I$use$fp
    printfa.o(i.__0fprintf) refers to printfa.o(i._printf_core) for _printf_core
    printfa.o(i.__0fprintf) refers to fputc.o(i.fputc) for fputc
    printfa.o(i.__0printf) refers (Special) to iusefp.o(.text) for __I$use$fp
    printfa.o(i.__0printf) refers to printfa.o(i._printf_core) for _printf_core
    printfa.o(i.__0printf) refers to fputc.o(i.fputc) for fputc
    printfa.o(i.__0printf) refers to stdout.o(.data) for __stdout
    printfa.o(i.__0snprintf) refers (Special) to iusefp.o(.text) for __I$use$fp
    printfa.o(i.__0snprintf) refers to printfa.o(i._printf_core) for _printf_core
    printfa.o(i.__0snprintf) refers to printfa.o(i._snputc) for _snputc
    printfa.o(i.__0sprintf) refers (Special) to iusefp.o(.text) for __I$use$fp
    printfa.o(i.__0sprintf) refers to printfa.o(i._printf_core) for _printf_core
    printfa.o(i.__0sprintf) refers to printfa.o(i._sputc) for _sputc
    printfa.o(i.__0vfprintf) refers (Special) to iusefp.o(.text) for __I$use$fp
    printfa.o(i.__0vfprintf) refers to printfa.o(i._printf_core) for _printf_core
    printfa.o(i.__0vfprintf) refers to fputc.o(i.fputc) for fputc
    printfa.o(i.__0vprintf) refers (Special) to iusefp.o(.text) for __I$use$fp
    printfa.o(i.__0vprintf) refers to printfa.o(i._printf_core) for _printf_core
    printfa.o(i.__0vprintf) refers to fputc.o(i.fputc) for fputc
    printfa.o(i.__0vprintf) refers to stdout.o(.data) for __stdout
    printfa.o(i.__0vsnprintf) refers (Special) to iusefp.o(.text) for __I$use$fp
    printfa.o(i.__0vsnprintf) refers to printfa.o(i._printf_core) for _printf_core
    printfa.o(i.__0vsnprintf) refers to printfa.o(i._snputc) for _snputc
    printfa.o(i.__0vsprintf) refers (Special) to iusefp.o(.text) for __I$use$fp
    printfa.o(i.__0vsprintf) refers to printfa.o(i._printf_core) for _printf_core
    printfa.o(i.__0vsprintf) refers to printfa.o(i._sputc) for _sputc
    printfa.o(i._fp_digits) refers (Special) to iusefp.o(.text) for __I$use$fp
    printfa.o(i._fp_digits) refers to dmul.o(.text) for __aeabi_dmul
    printfa.o(i._fp_digits) refers to ddiv.o(.text) for __aeabi_ddiv
    printfa.o(i._fp_digits) refers to cdrcmple.o(.text) for __aeabi_cdrcmple
    printfa.o(i._fp_digits) refers to dadd.o(.text) for __aeabi_dadd
    printfa.o(i._fp_digits) refers to dfixul.o(.text) for __aeabi_d2ulz
    printfa.o(i._fp_digits) refers to uldiv.o(.text) for __aeabi_uldivmod
    printfa.o(i._printf_core) refers (Special) to iusefp.o(.text) for __I$use$fp
    printfa.o(i._printf_core) refers to printfa.o(i._printf_pre_padding) for _printf_pre_padding
    printfa.o(i._printf_core) refers to uldiv.o(.text) for __aeabi_uldivmod
    printfa.o(i._printf_core) refers to printfa.o(i._printf_post_padding) for _printf_post_padding
    printfa.o(i._printf_core) refers to printfa.o(i._fp_digits) for _fp_digits
    printfa.o(i._printf_core) refers to uidiv.o(.text) for __aeabi_uidivmod
    printfa.o(i._printf_post_padding) refers (Special) to iusefp.o(.text) for __I$use$fp
    printfa.o(i._printf_pre_padding) refers (Special) to iusefp.o(.text) for __I$use$fp
    printfa.o(i._snputc) refers (Special) to iusefp.o(.text) for __I$use$fp
    printfa.o(i._sputc) refers (Special) to iusefp.o(.text) for __I$use$fp
    entry2.o(.ARM.Collect$$$$00000001) refers to entry2.o(.ARM.Collect$$$$00002712) for __lit__00000000
    entry2.o(.ARM.Collect$$$$00002712) refers to keiluvisoin_startup.o(STACK) for __initial_sp
    entry2.o(__vectab_stack_and_reset_area) refers to keiluvisoin_startup.o(STACK) for __initial_sp
    entry2.o(__vectab_stack_and_reset_area) refers to entry.o(.ARM.Collect$$$$00000000) for __main
    entry5.o(.ARM.Collect$$$$00000004) refers to init.o(.text) for __scatterload
    entry9a.o(.ARM.Collect$$$$0000000B) refers to osekintroii_example5.o(.text) for main
    entry9b.o(.ARM.Collect$$$$0000000C) refers to osekintroii_example5.o(.text) for main
    fputc.o(i.fputc) refers (Special) to iusesemip.o(.text) for __I$use$semihosting$fputc
    fputc.o(i.fputc) refers (Special) to semi.o(.text) for __semihosting_library_function
    fputc_h.o(i._fputc$hlt) refers (Special) to iusesemip.o(.text) for __I$use$semihosting$fputc
    fputc_h.o(i._fputc$hlt) refers (Special) to semi.o(.text) for __semihosting_library_function
    uldiv.o(.text) refers to llushr.o(.text) for __aeabi_llsr
    uldiv.o(.text) refers to llshl.o(.text) for __aeabi_llsl
    dadd.o(.text) refers (Special) to iusefp.o(.text) for __I$use$fp
    dadd.o(.text) refers to llshl.o(.text) for __aeabi_llsl
    dadd.o(.text) refers to llsshr.o(.text) for __aeabi_lasr
    dadd.o(.text) refers to depilogue.o(.text) for _double_epilogue
    dmul.o(.text) refers (Special) to iusefp.o(.text) for __I$use$fp
    dmul.o(.text) refers to depilogue.o(.text) for _double_epilogue
    ddiv.o(.text) refers (Special) to iusefp.o(.text) for __I$use$fp
    ddiv.o(.text) refers to depilogue.o(.text) for _double_round
    dfixul.o(.text) refers (Special) to iusefp.o(.text) for __I$use$fp
    dfixul.o(.text) refers to llushr.o(.text) for __aeabi_llsr
    dfixul.o(.text) refers to llshl.o(.text) for __aeabi_llsl
    cdrcmple.o(.text) refers (Special) to iusefp.o(.text) for __I$use$fp
    init.o(.text) refers to entry5.o(.ARM.Collect$$$$00000004) for __main_after_scatterload
    depilogue.o(.text) refers (Special) to iusefp.o(.text) for __I$use$fp
    depilogue.o(.text) refers to llshl.o(.text) for __aeabi_llsl
    depilogue.o(.text) refers to llushr.o(.text) for __aeabi_llsr


==============================================================================

Removing Unused input sections from the image.

    Removing oscfg.o(.text), (0 bytes).
    Removing oscfg.o(.rodata.OsCfg_USE_PARAMETER_ACCESS), (1 bytes).
    Removing oscfg.o(.rodata.OsCfg_USE_GET_SERVICE_ID), (1 bytes).
    Removing oscfg.o(.rodata.OSTICKDURATION), (4 bytes).
    Removing counter.o(.ARM.exidx), (24 bytes).
    Removing keiluvisoin_startup.o(HEAP), (0 bytes).
    Removing hook.o(.ARM.exidx), (40 bytes).
    Removing osekintroii_example5.o(.ARM.exidx), (32 bytes).
    Removing osekintroii_example5.o(.ARM.use_no_argv), (4 bytes).
    Removing canif.o(.ARM.exidx), (32 bytes).
    Removing iohwab_enginetempactuator.o(.ARM.exidx), (40 bytes).
    Removing candriver.o(.ARM.exidx), (32 bytes).
    Removing dio.o(.ARM.exidx), (24 bytes).
    Removing pwm.o(.ARM.exidx), (32 bytes).
    Removing com.o(.ARM.exidx), (32 bytes).
    Removing pdu_r.o(.ARM.exidx), (40 bytes).
    Removing dem.o(.ARM.exidx), (24 bytes).
    Removing det.o(.ARM.exidx), (8 bytes).
    Removing rte_enginetemperatureactuator.o(.ARM.exidx), (48 bytes).
    Removing enginetemperatureactuator.o(.ARM.exidx), (40 bytes).
    Removing dadd.o(.text), (334 bytes).
    Removing dmul.o(.text), (228 bytes).
    Removing ddiv.o(.text), (222 bytes).
    Removing dfixul.o(.text), (48 bytes).
    Removing cdrcmple.o(.text), (48 bytes).
    Removing depilogue.o(.text), (186 bytes).

26 unused section(s) (total 1524 bytes) removed from the image.

==============================================================================

Image Symbol Table

    Local Symbols

    Symbol Name                              Value     Ov Type        Size  Object(Section)

    ../../OsekLib/startup/keilUvisoin_startup.s 0x00000000   Number         0  keiluvisoin_startup.o ABSOLUTE
    ../clib/division.s                       0x00000000   Number         0  aeabi_sdiv.o ABSOLUTE
    ../clib/microlib/division.c              0x00000000   Number         0  uidiv.o ABSOLUTE
    ../clib/microlib/division.c              0x00000000   Number         0  uldiv.o ABSOLUTE
    ../clib/microlib/init/entry.s            0x00000000   Number         0  entry.o ABSOLUTE
    ../clib/microlib/init/entry.s            0x00000000   Number         0  entry2.o ABSOLUTE
    ../clib/microlib/init/entry.s            0x00000000   Number         0  entry5.o ABSOLUTE
    ../clib/microlib/init/entry.s            0x00000000   Number         0  entry7a.o ABSOLUTE
    ../clib/microlib/init/entry.s            0x00000000   Number         0  entry7b.o ABSOLUTE
    ../clib/microlib/init/entry.s            0x00000000   Number         0  entry8a.o ABSOLUTE
    ../clib/microlib/init/entry.s            0x00000000   Number         0  entry8b.o ABSOLUTE
    ../clib/microlib/init/entry.s            0x00000000   Number         0  entry9a.o ABSOLUTE
    ../clib/microlib/init/entry.s            0x00000000   Number         0  entry9b.o ABSOLUTE
    ../clib/microlib/init/entry.s            0x00000000   Number         0  entry10a.o ABSOLUTE
    ../clib/microlib/init/entry.s            0x00000000   Number         0  entry10b.o ABSOLUTE
    ../clib/microlib/init/entry.s            0x00000000   Number         0  entry11a.o ABSOLUTE
    ../clib/microlib/init/entry.s            0x00000000   Number         0  entry11b.o ABSOLUTE
    ../clib/microlib/longlong.c              0x00000000   Number         0  llshl.o ABSOLUTE
    ../clib/microlib/longlong.c              0x00000000   Number         0  llushr.o ABSOLUTE
    ../clib/microlib/longlong.c              0x00000000   Number         0  llsshr.o ABSOLUTE
    ../clib/microlib/printf/printf.c         0x00000000   Number         0  printfb.o ABSOLUTE
    ../clib/microlib/printf/printf.c         0x00000000   Number         0  printf0.o ABSOLUTE
    ../clib/microlib/printf/printf.c         0x00000000   Number         0  printf1.o ABSOLUTE
    ../clib/microlib/printf/printf.c         0x00000000   Number         0  printf2.o ABSOLUTE
    ../clib/microlib/printf/printf.c         0x00000000   Number         0  printf3.o ABSOLUTE
    ../clib/microlib/printf/printf.c         0x00000000   Number         0  printf4.o ABSOLUTE
    ../clib/microlib/printf/printf.c         0x00000000   Number         0  printf5.o ABSOLUTE
    ../clib/microlib/printf/printf.c         0x00000000   Number         0  printf6.o ABSOLUTE
    ../clib/microlib/printf/printf.c         0x00000000   Number         0  printf7.o ABSOLUTE
    ../clib/microlib/printf/printf.c         0x00000000   Number         0  printf8.o ABSOLUTE
    ../clib/microlib/printf/printf.c         0x00000000   Number         0  printfa.o ABSOLUTE
    ../clib/microlib/printf/stubs.s          0x00000000   Number         0  printfstubs.o ABSOLUTE
    ../clib/microlib/stdio/fputc.c           0x00000000   Number         0  fputc.o ABSOLUTE
    ../clib/microlib/stdio/fputc.c           0x00000000   Number         0  fputc_h.o ABSOLUTE
    ../clib/microlib/stdio/semi.s            0x00000000   Number         0  semi.o ABSOLUTE
    ../clib/microlib/stdio/streams.c         0x00000000   Number         0  stdout.o ABSOLUTE
    ../clib/microlib/stdlib/rand.c           0x00000000   Number         0  rand.o ABSOLUTE
    ../clib/microlib/stubs.s                 0x00000000   Number         0  iusefp.o ABSOLUTE
    ../clib/microlib/stubs.s                 0x00000000   Number         0  iusesemip.o ABSOLUTE
    ../fplib/microlib/fpadd.c                0x00000000   Number         0  dadd.o ABSOLUTE
    ../fplib/microlib/fpdiv.c                0x00000000   Number         0  ddiv.o ABSOLUTE
    ../fplib/microlib/fpepilogue.c           0x00000000   Number         0  depilogue.o ABSOLUTE
    ../fplib/microlib/fpfix.c                0x00000000   Number         0  dfixul.o ABSOLUTE
    ../fplib/microlib/fpmul.c                0x00000000   Number         0  dmul.o ABSOLUTE
    CanDriver.c                              0x00000000   Number         0  candriver.o ABSOLUTE
    CanIf.c                                  0x00000000   Number         0  canif.o ABSOLUTE
    Com.c                                    0x00000000   Number         0  com.o ABSOLUTE
    Dem.c                                    0x00000000   Number         0  dem.o ABSOLUTE
    Det.c                                    0x00000000   Number         0  det.o ABSOLUTE
    Dio.c                                    0x00000000   Number         0  dio.o ABSOLUTE
    EngineTemperatureActuator.c              0x00000000   Number         0  enginetemperatureactuator.o ABSOLUTE
    IoHwAb_EngineTempActuator.c              0x00000000   Number         0  iohwab_enginetempactuator.o ABSOLUTE
    OsCfg.c                                  0x00000000   Number         0  oscfg.o ABSOLUTE
    OsekIntroII_Example5.c                   0x00000000   Number         0  osekintroii_example5.o ABSOLUTE
    PDU_R.c                                  0x00000000   Number         0  pdu_r.o ABSOLUTE
    Pwm.c                                    0x00000000   Number         0  pwm.o ABSOLUTE
    Rte_EngineTemperatureActuator.c          0x00000000   Number         0  rte_enginetemperatureactuator.o ABSOLUTE
    cdrcmple.s                               0x00000000   Number         0  cdrcmple.o ABSOLUTE
    counter.c                                0x00000000   Number         0  counter.o ABSOLUTE
    dc.s                                     0x00000000   Number         0  dc.o ABSOLUTE
    handlers.s                               0x00000000   Number         0  handlers.o ABSOLUTE
    hook.c                                   0x00000000   Number         0  hook.o ABSOLUTE
    init.s                                   0x00000000   Number         0  init.o ABSOLUTE
    src\ErrMgr.c                             0x00000000   Number         0  errmgr.o ABSOLUTE
    src\RcbProcessor.c                       0x00000000   Number         0  rcbprocessor.o ABSOLUTE
    src\SVCContext.c                         0x00000000   Number         0  svccontext.o ABSOLUTE
    src\TcbProcessor.c                       0x00000000   Number         0  tcbprocessor.o ABSOLUTE
    src\alarm.c                              0x00000000   Number         0  alarm.o ABSOLUTE
    src\event.c                              0x00000000   Number         0  event.o ABSOLUTE
    src\portable\Keil\port.s                 0x00000000   Number         0  port.o ABSOLUTE
    src\portable\Keil\portable.c             0x00000000   Number         0  portable.o ABSOLUTE
    src\task.c                               0x00000000   Number         0  task.o ABSOLUTE
    RESET                                    0x00000000   Section      620  keiluvisoin_startup.o(RESET)
    .ARM.Collect$$$$00000000                 0x0000026c   Section        0  entry.o(.ARM.Collect$$$$00000000)
    .ARM.Collect$$$$00000001                 0x0000026c   Section        4  entry2.o(.ARM.Collect$$$$00000001)
    .ARM.Collect$$$$00000004                 0x00000270   Section        4  entry5.o(.ARM.Collect$$$$00000004)
    .ARM.Collect$$$$00000008                 0x00000274   Section        0  entry7b.o(.ARM.Collect$$$$00000008)
    .ARM.Collect$$$$0000000A                 0x00000274   Section        0  entry8b.o(.ARM.Collect$$$$0000000A)
    .ARM.Collect$$$$0000000B                 0x00000274   Section        8  entry9a.o(.ARM.Collect$$$$0000000B)
    __lit__00000000                          0x0000027c   Data           4  entry2.o(.ARM.Collect$$$$00002712)
    .ARM.Collect$$$$0000000D                 0x0000027c   Section        0  entry10a.o(.ARM.Collect$$$$0000000D)
    .ARM.Collect$$$$0000000F                 0x0000027c   Section        0  entry11a.o(.ARM.Collect$$$$0000000F)
    .ARM.Collect$$$$00002712                 0x0000027c   Section        4  entry2.o(.ARM.Collect$$$$00002712)
    [Anonymous Symbol]                       0x00000280   Section        0  counter.o(.text)
    $v0                                      0x000002ec   Number         0  keiluvisoin_startup.o(.text)
    .text                                    0x000002ec   Section      252  keiluvisoin_startup.o(.text)
    [Anonymous Symbol]                       0x000003e8   Section        0  hook.o(.text)
    [Anonymous Symbol]                       0x000003fc   Section        0  osekintroii_example5.o(.text)
    [Anonymous Symbol]                       0x000004ac   Section        0  canif.o(.text)
    [Anonymous Symbol]                       0x0000058c   Section        0  iohwab_enginetempactuator.o(.text)
    [Anonymous Symbol]                       0x00000638   Section        0  candriver.o(.text)
    [Anonymous Symbol]                       0x00000734   Section        0  dio.o(.text)
    [Anonymous Symbol]                       0x0000089c   Section        0  pwm.o(.text)
    [Anonymous Symbol]                       0x000009c4   Section        0  com.o(.text)
    [Anonymous Symbol]                       0x00000b08   Section        0  pdu_r.o(.text)
    [Anonymous Symbol]                       0x00000bbc   Section        0  dem.o(.text)
    [Anonymous Symbol]                       0x00000d80   Section        0  det.o(.text)
    [Anonymous Symbol]                       0x00000d84   Section        0  rte_enginetemperatureactuator.o(.text)
    [Anonymous Symbol]                       0x00000e38   Section        0  enginetemperatureactuator.o(.text)
    .text                                    0x00000f80   Section        0  alarm.o(.text)
    OsAlrm_AssignAlarmEntry                  0x0000101d   Thumb Code    38  alarm.o(.text)
    OsAlrm_ValidateStartValue                0x00001043   Thumb Code    44  alarm.o(.text)
    OsAlrm_ValidateCycle                     0x0000106f   Thumb Code    46  alarm.o(.text)
    OsAlrm_AlarmActionExecute                0x0000116f   Thumb Code   200  alarm.o(.text)
    OsAlrm_AlarmFireProcessor                0x00001237   Thumb Code    82  alarm.o(.text)
    SystemAlarmsProcessor                    0x00001289   Thumb Code    74  alarm.o(.text)
    OsAlrm_ValidateID                        0x000012ff   Thumb Code    16  alarm.o(.text)
    OsAlrm_GetFirePoint                      0x0000130f   Thumb Code    14  alarm.o(.text)
    OsAlrm_AlarmIsEnabled                    0x0000131d   Thumb Code    16  alarm.o(.text)
    OsAlrm_DisableAlarm                      0x0000132d   Thumb Code    16  alarm.o(.text)
    OsAlrm_GetAlrmTaskID                     0x0000133d   Thumb Code    16  alarm.o(.text)
    .text                                    0x00001360   Section        0  event.o(.text)
    .text                                    0x000013c8   Section        0  task.o(.text)
    .text                                    0x00001534   Section       90  port.o(.text)
    .text                                    0x00001590   Section        0  errmgr.o(.text)
    .text                                    0x000015ec   Section        0  rcbprocessor.o(.text)
    .text                                    0x00001708   Section        0  svccontext.o(.text)
    OsTcb_SetInitialStack                    0x00001761   Thumb Code   252  tcbprocessor.o(.text)
    .text                                    0x00001760   Section        0  tcbprocessor.o(.text)
    OsTcb_StackPointersInit                  0x0000185d   Thumb Code   110  tcbprocessor.o(.text)
    OsTcb_SetTaskState                       0x000018fb   Thumb Code    20  tcbprocessor.o(.text)
    OsTcb_ResetTaskEvent                     0x00001925   Thumb Code    26  tcbprocessor.o(.text)
    OsTcb_ResetTCB                           0x000019bb   Thumb Code    66  tcbprocessor.o(.text)
    OsTcb_CheckEventTrigger                  0x00001c21   Thumb Code    42  tcbprocessor.o(.text)
    OsTcb_SetTaskEvent                       0x00001c4b   Thumb Code    30  tcbprocessor.o(.text)
    OsTcb_StackCanarInit                     0x00002021   Thumb Code   114  tcbprocessor.o(.text)
    OsTcb_IdleTaskInit                       0x00002093   Thumb Code   144  tcbprocessor.o(.text)
    OsTcb_GetTaskPriority                    0x00002123   Thumb Code    16  tcbprocessor.o(.text)
    OsTcb_TaskModelIsBasic                   0x00002133   Thumb Code    24  tcbprocessor.o(.text)
    OsTcb_TaskIDValid                        0x0000214b   Thumb Code    18  tcbprocessor.o(.text)
    OsTcb_SetCurrentTCBRef                   0x0000215d   Thumb Code    16  tcbprocessor.o(.text)
    .text                                    0x0000219c   Section        0  portable.o(.text)
    .text                                    0x00002234   Section        0  rand.o(.text)
    .text                                    0x00002258   Section        0  uidiv.o(.text)
    .text                                    0x00002284   Section       48  init.o(.text)
    .text                                    0x000022b4   Section        0  semi.o(.text)
    .text                                    0x000022b4   Section        0  iusesemip.o(.text)
    i.__0printf$3                            0x000022b4   Section        0  printf3.o(i.__0printf$3)
    i.__scatterload_copy                     0x000022d4   Section       14  handlers.o(i.__scatterload_copy)
    i.__scatterload_null                     0x000022e2   Section        2  handlers.o(i.__scatterload_null)
    i.__scatterload_zeroinit                 0x000022e4   Section       14  handlers.o(i.__scatterload_zeroinit)
    _printf_core                             0x000022f5   Thumb Code   436  printf3.o(i._printf_core)
    i._printf_core                           0x000022f4   Section        0  printf3.o(i._printf_core)
    i.fputc                                  0x000024ac   Section        0  fputc.o(i.fputc)
    OsErrMgr_DetectedService                 0x20000000   Data           1  errmgr.o(.data)
    .data                                    0x20000000   Section       12  errmgr.o(.data)
    OsErrMgr_DetectedTaskID                  0x20000001   Data           1  errmgr.o(.data)
    OsErrMgr_DetectedEventID                 0x20000002   Data           1  errmgr.o(.data)
    OSErrMgr_DetectedResID                   0x20000003   Data           1  errmgr.o(.data)
    OsErrMgr_OverflowContext                 0x20000004   Data           8  errmgr.o(.data)
    SVCCnxt_TskMgrCnxt                       0x2000000c   Data           1  svccontext.o(.data)
    .data                                    0x2000000c   Section        3  svccontext.o(.data)
    SVCCnxt_EventMgrCnxt                     0x2000000d   Data           2  svccontext.o(.data)
    .data                                    0x20000010   Section        6  tcbprocessor.o(.data)
    TcbProcessor_RunningTaskID               0x20000014   Data           1  tcbprocessor.o(.data)
    TaskHookIsSilent                         0x20000015   Data           1  tcbprocessor.o(.data)
    _rand_state                              0x20000018   Data           4  rand.o(.data)
    .data                                    0x20000018   Section        4  rand.o(.data)
    .data                                    0x2000001c   Section        4  stdout.o(.data)
    CanIf_Config                             0x200000a0   Data           8  canif.o(.bss.CanIf_Config)
    [Anonymous Symbol]                       0x200000a0   Section        0  canif.o(.bss.CanIf_Config)
    CanIf_State                              0x200000a8   Data           1  canif.o(.bss.CanIf_State)
    [Anonymous Symbol]                       0x200000a8   Section        0  canif.o(.bss.CanIf_State)
    Can_Read.sdu_data                        0x200000a9   Data           5  candriver.o(.bss.Can_Read.sdu_data)
    [Anonymous Symbol]                       0x200000a9   Section        0  candriver.o(.bss.Can_Read.sdu_data)
    Can_State                                0x200000ae   Data           1  candriver.o(.bss.Can_State)
    [Anonymous Symbol]                       0x200000ae   Section        0  candriver.o(.bss.Can_State)
    OsCnt_SystemCounter                      0x20000280   Data           4  counter.o(.bss.OsCnt_SystemCounter)
    [Anonymous Symbol]                       0x20000280   Section        0  counter.o(.bss.OsCnt_SystemCounter)
    PduR_State                               0x20000284   Data           1  pdu_r.o(.bss.PduR_State)
    [Anonymous Symbol]                       0x20000284   Section        0  pdu_r.o(.bss.PduR_State)
    controlData                              0x20000294   Data           6  osekintroii_example5.o(.bss.controlData)
    [Anonymous Symbol]                       0x20000294   Section        0  osekintroii_example5.o(.bss.controlData)
    dio_channels                             0x200002a0   Data           8  dio.o(.bss.dio_channels)
    [Anonymous Symbol]                       0x200002a0   Section        0  dio.o(.bss.dio_channels)
    events                                   0x200002a8   Data          40  dem.o(.bss.events)
    [Anonymous Symbol]                       0x200002a8   Section        0  dem.o(.bss.events)
    is_initialized                           0x200002d0   Data           1  dio.o(.bss.is_initialized)
    [Anonymous Symbol]                       0x200002d0   Section        0  dio.o(.bss.is_initialized)
    is_initialized                           0x200002d1   Data           1  pwm.o(.bss.is_initialized)
    [Anonymous Symbol]                       0x200002d1   Section        0  pwm.o(.bss.is_initialized)
    is_initialized                           0x200002d2   Data           1  com.o(.bss.is_initialized)
    [Anonymous Symbol]                       0x200002d2   Section        0  com.o(.bss.is_initialized)
    is_initialized                           0x200002d3   Data           1  dem.o(.bss.is_initialized)
    [Anonymous Symbol]                       0x200002d3   Section        0  dem.o(.bss.is_initialized)
    is_initialized                           0x200002d4   Data           1  enginetemperatureactuator.o(.bss.is_initialized)
    [Anonymous Symbol]                       0x200002d4   Section        0  enginetemperatureactuator.o(.bss.is_initialized)
    pwm_duty_cycles                          0x200002d7   Data           2  pwm.o(.bss.pwm_duty_cycles)
    [Anonymous Symbol]                       0x200002d7   Section        0  pwm.o(.bss.pwm_duty_cycles)
    STACK                                    0x200002e0   Section      512  keiluvisoin_startup.o(STACK)

    Global Symbols

    Symbol Name                              Value     Ov Type        Size  Object(Section)

    BuildAttributes$$THM_ISAv4$E$P$D$K$B$S$7EM$VFPi3$EXTD16$VFPS$VFMA$PE$A:L22UL41UL21$X:L11$S22US41US21$IEEE1$IW$~IW$USESV6$~STKCKD$USESV7$~SHL$OTIME$ROPI$EBA8$MICROLIB$REQ8$PRES8$EABIv2 0x00000000   Number         0  anon$$obj.o ABSOLUTE
    __Vectors                                0x00000000   Data           4  keiluvisoin_startup.o(RESET)
    _printf_a                                0x00000000   Number         0  printfstubs.o ABSOLUTE
    _printf_c                                0x00000000   Number         0  printfstubs.o ABSOLUTE
    _printf_charcount                        0x00000000   Number         0  printfstubs.o ABSOLUTE
    _printf_d                                0x00000000   Number         0  printfstubs.o ABSOLUTE
    _printf_e                                0x00000000   Number         0  printfstubs.o ABSOLUTE
    _printf_f                                0x00000000   Number         0  printfstubs.o ABSOLUTE
    _printf_flags                            0x00000000   Number         0  printfstubs.o ABSOLUTE
    _printf_fp_dec                           0x00000000   Number         0  printfstubs.o ABSOLUTE
    _printf_fp_hex                           0x00000000   Number         0  printfstubs.o ABSOLUTE
    _printf_g                                0x00000000   Number         0  printfstubs.o ABSOLUTE
    _printf_i                                0x00000000   Number         0  printfstubs.o ABSOLUTE
    _printf_int_dec                          0x00000000   Number         0  printfstubs.o ABSOLUTE
    _printf_l                                0x00000000   Number         0  printfstubs.o ABSOLUTE
    _printf_lc                               0x00000000   Number         0  printfstubs.o ABSOLUTE
    _printf_ll                               0x00000000   Number         0  printfstubs.o ABSOLUTE
    _printf_lld                              0x00000000   Number         0  printfstubs.o ABSOLUTE
    _printf_lli                              0x00000000   Number         0  printfstubs.o ABSOLUTE
    _printf_llo                              0x00000000   Number         0  printfstubs.o ABSOLUTE
    _printf_llu                              0x00000000   Number         0  printfstubs.o ABSOLUTE
    _printf_llx                              0x00000000   Number         0  printfstubs.o ABSOLUTE
    _printf_longlong_dec                     0x00000000   Number         0  printfstubs.o ABSOLUTE
    _printf_longlong_hex                     0x00000000   Number         0  printfstubs.o ABSOLUTE
    _printf_longlong_oct                     0x00000000   Number         0  printfstubs.o ABSOLUTE
    _printf_ls                               0x00000000   Number         0  printfstubs.o ABSOLUTE
    _printf_mbtowc                           0x00000000   Number         0  printfstubs.o ABSOLUTE
    _printf_n                                0x00000000   Number         0  printfstubs.o ABSOLUTE
    _printf_o                                0x00000000   Number         0  printfstubs.o ABSOLUTE
    _printf_p                                0x00000000   Number         0  printfstubs.o ABSOLUTE
    _printf_percent                          0x00000000   Number         0  printfstubs.o ABSOLUTE
    _printf_pre_padding                      0x00000000   Number         0  printfstubs.o ABSOLUTE
    _printf_return_value                     0x00000000   Number         0  printfstubs.o ABSOLUTE
    _printf_s                                0x00000000   Number         0  printfstubs.o ABSOLUTE
    _printf_sizespec                         0x00000000   Number         0  printfstubs.o ABSOLUTE
    _printf_str                              0x00000000   Number         0  printfstubs.o ABSOLUTE
    _printf_truncate_signed                  0x00000000   Number         0  printfstubs.o ABSOLUTE
    _printf_truncate_unsigned                0x00000000   Number         0  printfstubs.o ABSOLUTE
    _printf_u                                0x00000000   Number         0  printfstubs.o ABSOLUTE
    _printf_wc                               0x00000000   Number         0  printfstubs.o ABSOLUTE
    _printf_wctomb                           0x00000000   Number         0  printfstubs.o ABSOLUTE
    _printf_widthprec                        0x00000000   Number         0  printfstubs.o ABSOLUTE
    _printf_x                                0x00000000   Number         0  printfstubs.o ABSOLUTE
    __cpp_initialize__aeabi_                  - Undefined Weak Reference
    __cxa_finalize                            - Undefined Weak Reference
    __decompress                              - Undefined Weak Reference
    _clock_init                               - Undefined Weak Reference
    _microlib_exit                            - Undefined Weak Reference
    __Vectors_End                            0x0000026c   Data           0  keiluvisoin_startup.o(RESET)
    __Vectors_Size                           0x0000026c   Number         0  keiluvisoin_startup.o ABSOLUTE
    __main                                   0x0000026d   Thumb Code     0  entry.o(.ARM.Collect$$$$00000000)
    _main_stk                                0x0000026d   Thumb Code     0  entry2.o(.ARM.Collect$$$$00000001)
    _main_scatterload                        0x00000271   Thumb Code     0  entry5.o(.ARM.Collect$$$$00000004)
    __main_after_scatterload                 0x00000275   Thumb Code     0  entry5.o(.ARM.Collect$$$$00000004)
    _main_clock                              0x00000275   Thumb Code     0  entry7b.o(.ARM.Collect$$$$00000008)
    _main_cpp_init                           0x00000275   Thumb Code     0  entry8b.o(.ARM.Collect$$$$0000000A)
    _main_init                               0x00000275   Thumb Code     0  entry9a.o(.ARM.Collect$$$$0000000B)
    __rt_final_cpp                           0x0000027d   Thumb Code     0  entry10a.o(.ARM.Collect$$$$0000000D)
    __rt_final_exit                          0x0000027d   Thumb Code     0  entry11a.o(.ARM.Collect$$$$0000000F)
    SysTick_Init                             0x00000281   Thumb Code    78  counter.o(.text)
    OsCnt_IncrSystemCounter                  0x000002d1   Thumb Code    16  counter.o(.text)
    OsCnt_GetSystemCounter                   0x000002e1   Thumb Code    12  counter.o(.text)
    Reset_Handler                            0x000002ed   Thumb Code     8  keiluvisoin_startup.o(.text)
    NMI_Handler                              0x000002f5   Thumb Code     2  keiluvisoin_startup.o(.text)
    HardFault_Handler                        0x000002f7   Thumb Code     2  keiluvisoin_startup.o(.text)
    MemManage_Handler                        0x000002f9   Thumb Code     2  keiluvisoin_startup.o(.text)
    BusFault_Handler                         0x000002fb   Thumb Code     2  keiluvisoin_startup.o(.text)
    UsageFault_Handler                       0x000002fd   Thumb Code     2  keiluvisoin_startup.o(.text)
    SVC_Handler                              0x000002ff   Thumb Code     2  keiluvisoin_startup.o(.text)
    DebugMon_Handler                         0x00000301   Thumb Code     2  keiluvisoin_startup.o(.text)
    PendSV_Handler                           0x00000303   Thumb Code     2  keiluvisoin_startup.o(.text)
    SysTick_Handler                          0x00000305   Thumb Code     2  keiluvisoin_startup.o(.text)
    GPIOA_Handler                            0x00000307   Thumb Code     2  keiluvisoin_startup.o(.text)
    GPIOB_Handler                            0x00000309   Thumb Code     2  keiluvisoin_startup.o(.text)
    GPIOC_Handler                            0x0000030b   Thumb Code     2  keiluvisoin_startup.o(.text)
    GPIOD_Handler                            0x0000030d   Thumb Code     2  keiluvisoin_startup.o(.text)
    GPIOE_Handler                            0x0000030f   Thumb Code     2  keiluvisoin_startup.o(.text)
    UART0_Handler                            0x00000311   Thumb Code     2  keiluvisoin_startup.o(.text)
    UART1_Handler                            0x00000313   Thumb Code     2  keiluvisoin_startup.o(.text)
    SSI0_Handler                             0x00000315   Thumb Code     2  keiluvisoin_startup.o(.text)
    I2C0_Handler                             0x00000317   Thumb Code     2  keiluvisoin_startup.o(.text)
    PMW0_FAULT_Handler                       0x00000319   Thumb Code     2  keiluvisoin_startup.o(.text)
    PWM0_0_Handler                           0x0000031b   Thumb Code     2  keiluvisoin_startup.o(.text)
    PWM0_1_Handler                           0x0000031d   Thumb Code     2  keiluvisoin_startup.o(.text)
    PWM0_2_Handler                           0x0000031f   Thumb Code     2  keiluvisoin_startup.o(.text)
    QEI0_Handler                             0x00000321   Thumb Code     2  keiluvisoin_startup.o(.text)
    ADC0SS0_Handler                          0x00000323   Thumb Code     2  keiluvisoin_startup.o(.text)
    ADC0SS1_Handler                          0x00000325   Thumb Code     2  keiluvisoin_startup.o(.text)
    ADC0SS2_Handler                          0x00000327   Thumb Code     2  keiluvisoin_startup.o(.text)
    ADC0SS3_Handler                          0x00000329   Thumb Code     2  keiluvisoin_startup.o(.text)
    WDT0_Handler                             0x0000032b   Thumb Code     2  keiluvisoin_startup.o(.text)
    TIMER0A_Handler                          0x0000032d   Thumb Code     2  keiluvisoin_startup.o(.text)
    TIMER0B_Handler                          0x0000032f   Thumb Code     2  keiluvisoin_startup.o(.text)
    TIMER1A_Handler                          0x00000331   Thumb Code     2  keiluvisoin_startup.o(.text)
    TIMER1B_Handler                          0x00000333   Thumb Code     2  keiluvisoin_startup.o(.text)
    TIMER2A_Handler                          0x00000335   Thumb Code     2  keiluvisoin_startup.o(.text)
    TIMER2B_Handler                          0x00000337   Thumb Code     2  keiluvisoin_startup.o(.text)
    COMP0_Handler                            0x00000339   Thumb Code     2  keiluvisoin_startup.o(.text)
    COMP1_Handler                            0x0000033b   Thumb Code     2  keiluvisoin_startup.o(.text)
    COMP2_Handler                            0x0000033d   Thumb Code     2  keiluvisoin_startup.o(.text)
    SYSCTL_Handler                           0x0000033f   Thumb Code     2  keiluvisoin_startup.o(.text)
    FLASH_Handler                            0x00000341   Thumb Code     2  keiluvisoin_startup.o(.text)
    GPIOF_Handler                            0x00000343   Thumb Code     2  keiluvisoin_startup.o(.text)
    GPIOG_Handler                            0x00000345   Thumb Code     2  keiluvisoin_startup.o(.text)
    GPIOH_Handler                            0x00000347   Thumb Code     2  keiluvisoin_startup.o(.text)
    UART2_Handler                            0x00000349   Thumb Code     2  keiluvisoin_startup.o(.text)
    SSI1_Handler                             0x0000034b   Thumb Code     2  keiluvisoin_startup.o(.text)
    TIMER3A_Handler                          0x0000034d   Thumb Code     2  keiluvisoin_startup.o(.text)
    TIMER3B_Handler                          0x0000034f   Thumb Code     2  keiluvisoin_startup.o(.text)
    I2C1_Handler                             0x00000351   Thumb Code     2  keiluvisoin_startup.o(.text)
    QEI1_Handler                             0x00000353   Thumb Code     2  keiluvisoin_startup.o(.text)
    CAN0_Handler                             0x00000355   Thumb Code     2  keiluvisoin_startup.o(.text)
    CAN1_Handler                             0x00000357   Thumb Code     2  keiluvisoin_startup.o(.text)
    CAN2_Handler                             0x00000359   Thumb Code     2  keiluvisoin_startup.o(.text)
    HIB_Handler                              0x0000035b   Thumb Code     2  keiluvisoin_startup.o(.text)
    USB0_Handler                             0x0000035d   Thumb Code     2  keiluvisoin_startup.o(.text)
    PWM0_3_Handler                           0x0000035f   Thumb Code     2  keiluvisoin_startup.o(.text)
    UDMA_Handler                             0x00000361   Thumb Code     2  keiluvisoin_startup.o(.text)
    UDMAERR_Handler                          0x00000363   Thumb Code     2  keiluvisoin_startup.o(.text)
    ADC1SS0_Handler                          0x00000365   Thumb Code     2  keiluvisoin_startup.o(.text)
    ADC1SS1_Handler                          0x00000367   Thumb Code     2  keiluvisoin_startup.o(.text)
    ADC1SS2_Handler                          0x00000369   Thumb Code     2  keiluvisoin_startup.o(.text)
    ADC1SS3_Handler                          0x0000036b   Thumb Code     2  keiluvisoin_startup.o(.text)
    GPIOJ_Handler                            0x0000036d   Thumb Code     2  keiluvisoin_startup.o(.text)
    GPIOK_Handler                            0x0000036f   Thumb Code     2  keiluvisoin_startup.o(.text)
    GPIOL_Handler                            0x00000371   Thumb Code     2  keiluvisoin_startup.o(.text)
    SSI2_Handler                             0x00000373   Thumb Code     2  keiluvisoin_startup.o(.text)
    SSI3_Handler                             0x00000375   Thumb Code     2  keiluvisoin_startup.o(.text)
    UART3_Handler                            0x00000377   Thumb Code     2  keiluvisoin_startup.o(.text)
    UART4_Handler                            0x00000379   Thumb Code     2  keiluvisoin_startup.o(.text)
    UART5_Handler                            0x0000037b   Thumb Code     2  keiluvisoin_startup.o(.text)
    UART6_Handler                            0x0000037d   Thumb Code     2  keiluvisoin_startup.o(.text)
    UART7_Handler                            0x0000037f   Thumb Code     2  keiluvisoin_startup.o(.text)
    I2C2_Handler                             0x00000381   Thumb Code     2  keiluvisoin_startup.o(.text)
    I2C3_Handler                             0x00000383   Thumb Code     2  keiluvisoin_startup.o(.text)
    TIMER4A_Handler                          0x00000385   Thumb Code     2  keiluvisoin_startup.o(.text)
    TIMER4B_Handler                          0x00000387   Thumb Code     2  keiluvisoin_startup.o(.text)
    TIMER5A_Handler                          0x00000389   Thumb Code     2  keiluvisoin_startup.o(.text)
    TIMER5B_Handler                          0x0000038b   Thumb Code     2  keiluvisoin_startup.o(.text)
    WTIMER0A_Handler                         0x0000038d   Thumb Code     2  keiluvisoin_startup.o(.text)
    WTIMER0B_Handler                         0x0000038f   Thumb Code     2  keiluvisoin_startup.o(.text)
    WTIMER1A_Handler                         0x00000391   Thumb Code     2  keiluvisoin_startup.o(.text)
    WTIMER1B_Handler                         0x00000393   Thumb Code     2  keiluvisoin_startup.o(.text)
    WTIMER2A_Handler                         0x00000395   Thumb Code     2  keiluvisoin_startup.o(.text)
    WTIMER2B_Handler                         0x00000397   Thumb Code     2  keiluvisoin_startup.o(.text)
    WTIMER3A_Handler                         0x00000399   Thumb Code     2  keiluvisoin_startup.o(.text)
    WTIMER3B_Handler                         0x0000039b   Thumb Code     2  keiluvisoin_startup.o(.text)
    WTIMER4A_Handler                         0x0000039d   Thumb Code     2  keiluvisoin_startup.o(.text)
    WTIMER4B_Handler                         0x0000039f   Thumb Code     2  keiluvisoin_startup.o(.text)
    WTIMER5A_Handler                         0x000003a1   Thumb Code     2  keiluvisoin_startup.o(.text)
    WTIMER5B_Handler                         0x000003a3   Thumb Code     2  keiluvisoin_startup.o(.text)
    FPU_Handler                              0x000003a5   Thumb Code     2  keiluvisoin_startup.o(.text)
    I2C4_Handler                             0x000003a7   Thumb Code     2  keiluvisoin_startup.o(.text)
    I2C5_Handler                             0x000003a9   Thumb Code     2  keiluvisoin_startup.o(.text)
    GPIOM_Handler                            0x000003ab   Thumb Code     2  keiluvisoin_startup.o(.text)
    GPION_Handler                            0x000003ad   Thumb Code     2  keiluvisoin_startup.o(.text)
    QEI2_Handler                             0x000003af   Thumb Code     2  keiluvisoin_startup.o(.text)
    GPIOP0_Handler                           0x000003b1   Thumb Code     2  keiluvisoin_startup.o(.text)
    GPIOP1_Handler                           0x000003b3   Thumb Code     2  keiluvisoin_startup.o(.text)
    GPIOP2_Handler                           0x000003b5   Thumb Code     2  keiluvisoin_startup.o(.text)
    GPIOP3_Handler                           0x000003b7   Thumb Code     2  keiluvisoin_startup.o(.text)
    GPIOP4_Handler                           0x000003b9   Thumb Code     2  keiluvisoin_startup.o(.text)
    GPIOP5_Handler                           0x000003bb   Thumb Code     2  keiluvisoin_startup.o(.text)
    GPIOP6_Handler                           0x000003bd   Thumb Code     2  keiluvisoin_startup.o(.text)
    GPIOP7_Handler                           0x000003bf   Thumb Code     2  keiluvisoin_startup.o(.text)
    GPIOQ0_Handler                           0x000003c1   Thumb Code     2  keiluvisoin_startup.o(.text)
    GPIOQ1_Handler                           0x000003c3   Thumb Code     2  keiluvisoin_startup.o(.text)
    GPIOQ2_Handler                           0x000003c5   Thumb Code     2  keiluvisoin_startup.o(.text)
    GPIOQ3_Handler                           0x000003c7   Thumb Code     2  keiluvisoin_startup.o(.text)
    GPIOQ4_Handler                           0x000003c9   Thumb Code     2  keiluvisoin_startup.o(.text)
    GPIOQ5_Handler                           0x000003cb   Thumb Code     2  keiluvisoin_startup.o(.text)
    GPIOQ6_Handler                           0x000003cd   Thumb Code     2  keiluvisoin_startup.o(.text)
    GPIOQ7_Handler                           0x000003cf   Thumb Code     2  keiluvisoin_startup.o(.text)
    GPIOR_Handler                            0x000003d1   Thumb Code     2  keiluvisoin_startup.o(.text)
    GPIOS_Handler                            0x000003d3   Thumb Code     2  keiluvisoin_startup.o(.text)
    PMW1_0_Handler                           0x000003d5   Thumb Code     2  keiluvisoin_startup.o(.text)
    PWM1_1_Handler                           0x000003d7   Thumb Code     2  keiluvisoin_startup.o(.text)
    PWM1_2_Handler                           0x000003d9   Thumb Code     2  keiluvisoin_startup.o(.text)
    PWM1_3_Handler                           0x000003db   Thumb Code     2  keiluvisoin_startup.o(.text)
    PWM1_FAULT_Handler                       0x000003dd   Thumb Code     2  keiluvisoin_startup.o(.text)
    ErrorHook                                0x000003e9   Thumb Code     2  hook.o(.text)
    StartupHook                              0x000003ed   Thumb Code     2  hook.o(.text)
    PreTaskHook                              0x000003f1   Thumb Code     2  hook.o(.text)
    PostTaskHook                             0x000003f5   Thumb Code     2  hook.o(.text)
    StackOverFlowHook                        0x000003f9   Thumb Code     2  hook.o(.text)
    SystemInit                               0x000003fd   Thumb Code     2  osekintroii_example5.o(.text)
    main                                     0x00000401   Thumb Code     6  osekintroii_example5.o(.text)
    OsTask_ReadControlSignal_Task            0x00000409   Thumb Code    66  osekintroii_example5.o(.text)
    OsTask_Actuator_Task                     0x0000044d   Thumb Code    96  osekintroii_example5.o(.text)
    CanIf_Init                               0x000004ad   Thumb Code    44  canif.o(.text)
    CanIf_Receive                            0x000004d9   Thumb Code    50  canif.o(.text)
    CanIf_DeInit                             0x0000050d   Thumb Code    32  canif.o(.text)
    CanIf_Transmit                           0x0000052d   Thumb Code    96  canif.o(.text)
    IoHwAb_InitEngineTempActuator            0x0000058d   Thumb Code    26  iohwab_enginetempactuator.o(.text)
    IoHwAb_ChangeSpeedEngineFan              0x000005a9   Thumb Code    38  iohwab_enginetempactuator.o(.text)
    IoHwAb_ChangeSpeedEnginePump             0x000005d1   Thumb Code    36  iohwab_enginetempactuator.o(.text)
    IoHwAb_ChangeEngineTemperatureWarningLight 0x000005f5   Thumb Code    36  iohwab_enginetempactuator.o(.text)
    IoHwAb_ReadControlSignal                 0x00000619   Thumb Code    30  iohwab_enginetempactuator.o(.text)
    Can_Init                                 0x00000639   Thumb Code    28  candriver.o(.text)
    Can_Read                                 0x00000655   Thumb Code   146  candriver.o(.text)
    Can_DeInit                               0x000006e9   Thumb Code    32  candriver.o(.text)
    Can_Write                                0x00000709   Thumb Code    42  candriver.o(.text)
    Dio_Init                                 0x00000735   Thumb Code   104  dio.o(.text)
    Dio_ReadChannel                          0x000007c9   Thumb Code    72  dio.o(.text)
    Dio_WriteChannel                         0x0000082d   Thumb Code    84  dio.o(.text)
    Pwm_Init                                 0x0000089d   Thumb Code   124  pwm.o(.text)
    Pwm_SetDutyCycle                         0x00000919   Thumb Code    40  pwm.o(.text)
    Pwm_GetDutyCycle                         0x00000941   Thumb Code    58  pwm.o(.text)
    Pwm_GetLastDutyCycle                     0x0000097d   Thumb Code    72  pwm.o(.text)
    Com_Init                                 0x000009c5   Thumb Code    66  com.o(.text)
    Com_ReceiveSignal                        0x00000a09   Thumb Code    94  com.o(.text)
    Com_SendSignal                           0x00000a69   Thumb Code    84  com.o(.text)
    Com_TriggerIPDUSend                      0x00000abd   Thumb Code    76  com.o(.text)
    PduR_Init                                0x00000b09   Thumb Code    28  pdu_r.o(.text)
    PduR_GetVersionInfo                      0x00000b25   Thumb Code    34  pdu_r.o(.text)
    PduR_UserLoTpRxIndication                0x00000b49   Thumb Code    34  pdu_r.o(.text)
    PduR_UserLoTpTxConfirmation              0x00000b6d   Thumb Code    28  pdu_r.o(.text)
    PduR_UserUpTransmit                      0x00000b89   Thumb Code    52  pdu_r.o(.text)
    Dem_Init                                 0x00000bbd   Thumb Code   112  dem.o(.text)
    Dem_ReportEvent                          0x00000c61   Thumb Code    88  dem.o(.text)
    Dem_GetEventStatus                       0x00000cf9   Thumb Code    88  dem.o(.text)
    Det_ReportError                          0x00000d81   Thumb Code     2  det.o(.text)
    Rte_InitEngineTemperatureActuator        0x00000d85   Thumb Code     4  rte_enginetemperatureactuator.o(.text)
    Rte_ReadControlSignal                    0x00000d89   Thumb Code    98  rte_enginetemperatureactuator.o(.text)
    Rte_ChangeSpeedEngineFan                 0x00000ded   Thumb Code     4  rte_enginetemperatureactuator.o(.text)
    Rte_ChangeSpeedEnginePump                0x00000df1   Thumb Code     4  rte_enginetemperatureactuator.o(.text)
    Rte_ChangeEngineTemperatureWarningLight  0x00000df5   Thumb Code     4  rte_enginetemperatureactuator.o(.text)
    Rte_ReadDataControlSignal                0x00000df9   Thumb Code    62  rte_enginetemperatureactuator.o(.text)
    EngineTemperatureActuator_Init           0x00000e39   Thumb Code    66  enginetemperatureactuator.o(.text)
    ChangeSpeedEnginePump                    0x00000e7d   Thumb Code    38  enginetemperatureactuator.o(.text)
    ChangeSpeedEngineFan                     0x00000ea5   Thumb Code    36  enginetemperatureactuator.o(.text)
    ChangeEngineTemperatureWarningLight      0x00000ec9   Thumb Code   100  enginetemperatureactuator.o(.text)
    ReadControlSignal                        0x00000f61   Thumb Code    30  enginetemperatureactuator.o(.text)
    DeclareAlarm                             0x00000f81   Thumb Code     2  alarm.o(.text)
    GetAlarmBase                             0x00000f83   Thumb Code    74  alarm.o(.text)
    GetAlarm                                 0x00000fcd   Thumb Code    80  alarm.o(.text)
    SetAbsAlarm                              0x0000109d   Thumb Code    76  alarm.o(.text)
    SetRelAlarm                              0x000010e9   Thumb Code    94  alarm.o(.text)
    CancelAlarm                              0x00001147   Thumb Code    40  alarm.o(.text)
    SystemTimerHandler                       0x000012d3   Thumb Code    44  alarm.o(.text)
    SetEvent                                 0x00001361   Thumb Code    34  event.o(.text)
    ClearEvent                               0x00001383   Thumb Code    26  event.o(.text)
    GetEvent                                 0x0000139d   Thumb Code    16  event.o(.text)
    WaitEvent                                0x000013ad   Thumb Code    26  event.o(.text)
    StartOS                                  0x000013c9   Thumb Code    48  task.o(.text)
    ActivateTask                             0x000013f9   Thumb Code    30  task.o(.text)
    TerminateTask                            0x00001417   Thumb Code    22  task.o(.text)
    ChainTask                                0x0000142d   Thumb Code    30  task.o(.text)
    Schedule                                 0x0000144b   Thumb Code    22  task.o(.text)
    GetTaskID                                0x00001461   Thumb Code    16  task.o(.text)
    GetTaskState                             0x00001471   Thumb Code    16  task.o(.text)
    SVC_Dispatcher                           0x00001481   Thumb Code   160  task.o(.text)
    OsTask_IdleMechanism                     0x00001521   Thumb Code     4  task.o(.text)
    OsPort_JumpToApp                         0x00001535   Thumb Code     0  port.o(.text)
    OsPort_PendSVHandler                     0x00001557   Thumb Code     0  port.o(.text)
    OsPort_PushUpperContext                  0x00001569   Thumb Code     0  port.o(.text)
    OsPort_PopUpperContext                   0x00001577   Thumb Code     0  port.o(.text)
    OsPort_ReturnWithAutopop                 0x00001585   Thumb Code     0  port.o(.text)
    OsErrMgr_SetServiceID                    0x00001591   Thumb Code     6  errmgr.o(.text)
    OsErrMgr_GetServiceID                    0x00001597   Thumb Code     6  errmgr.o(.text)
    OsErrMgr_StoreTaskID                     0x0000159d   Thumb Code     6  errmgr.o(.text)
    OsErrMgr_GetTaskID                       0x000015a3   Thumb Code     6  errmgr.o(.text)
    OsErrMgr_StoreEventID                    0x000015a9   Thumb Code     6  errmgr.o(.text)
    OsErrMgr_GetEventID                      0x000015af   Thumb Code     6  errmgr.o(.text)
    OsErrMgr_StoreResID                      0x000015b5   Thumb Code     6  errmgr.o(.text)
    OsErrMgr_GetResID                        0x000015bb   Thumb Code     6  errmgr.o(.text)
    OsErrMgr_SetOverFlowContext              0x000015c1   Thumb Code     8  errmgr.o(.text)
    OsErrMgr_GetOverFlowContext              0x000015c9   Thumb Code    14  errmgr.o(.text)
    OsRes_GetResourceProcessor               0x000015ed   Thumb Code   136  rcbprocessor.o(.text)
    OsRcb_ReleaseResourceProcessor           0x00001675   Thumb Code   128  rcbprocessor.o(.text)
    SVCCnxt_SetErrCode                       0x00001709   Thumb Code     6  svccontext.o(.text)
    SVCCnxt_GetErrCode                       0x0000170f   Thumb Code     8  svccontext.o(.text)
    SVCCnxt_TskMgrSetTskID                   0x00001717   Thumb Code     6  svccontext.o(.text)
    SVCCnxt_TskMgrGetTskID                   0x0000171d   Thumb Code     8  svccontext.o(.text)
    SVCCnxt_EventMgrSetTskID                 0x00001725   Thumb Code     6  svccontext.o(.text)
    SVCCnxt_EventMgrGetTskID                 0x0000172b   Thumb Code     8  svccontext.o(.text)
    SVCCnxt_EventMgrSetEventMsk              0x00001733   Thumb Code     6  svccontext.o(.text)
    SVCCnxt_EventMgrGetEventMsk              0x00001739   Thumb Code     8  svccontext.o(.text)
    SVCCnxt_ResMgrSetResID                   0x00001741   Thumb Code     6  svccontext.o(.text)
    SVCCnxt_ResMgrGetResID                   0x00001747   Thumb Code     8  svccontext.o(.text)
    OsTcb_TasksInit                          0x000018cb   Thumb Code    48  tcbprocessor.o(.text)
    OsTcb_GetTaskState                       0x0000190f   Thumb Code    16  tcbprocessor.o(.text)
    OsTcb_GetTaskIDProcessor                 0x0000191f   Thumb Code     6  tcbprocessor.o(.text)
    OsTcb_ActivateTaskTCBProcesor            0x0000193f   Thumb Code   124  tcbprocessor.o(.text)
    OsTcb_GetResOccupied                     0x000019fd   Thumb Code    16  tcbprocessor.o(.text)
    OsTcb_ChainTaskTCBProcessor              0x00001a0d   Thumb Code   178  tcbprocessor.o(.text)
    OsTcb_SetScheduleReq                     0x00001abf   Thumb Code    18  tcbprocessor.o(.text)
    OsTcb_TerminateTaskTCBProcessor          0x00001ad1   Thumb Code    82  tcbprocessor.o(.text)
    OsTcb_JumpToNextTCB                      0x00001b23   Thumb Code   254  tcbprocessor.o(.text)
    OsTcb_SetEventProcessor                  0x00001c69   Thumb Code   152  tcbprocessor.o(.text)
    OsTcb_ClearEventProcessor                0x00001d01   Thumb Code   128  tcbprocessor.o(.text)
    OsTcb_GetEventProcessor                  0x00001d81   Thumb Code    92  tcbprocessor.o(.text)
    OsTcb_WaitEventProcessor                 0x00001ddd   Thumb Code   154  tcbprocessor.o(.text)
    OsTcb_GetTaskStateProcessor              0x00001e77   Thumb Code    60  tcbprocessor.o(.text)
    OsTcb_TaskAlrmExpiredProcessor           0x00001eb3   Thumb Code    32  tcbprocessor.o(.text)
    OsTcb_EventAlrmExpiredProcessor          0x00001ed3   Thumb Code    32  tcbprocessor.o(.text)
    OsTcb_SetTaskPri                         0x00001ef3   Thumb Code    18  tcbprocessor.o(.text)
    OsTcb_GetTaskPriorityEx                  0x00001f05   Thumb Code    12  tcbprocessor.o(.text)
    OsTcb_SetResOccupied                     0x00001f11   Thumb Code    14  tcbprocessor.o(.text)
    OsTcb_GetCurrentTCBRef                   0x00001f1f   Thumb Code     8  tcbprocessor.o(.text)
    OsTcb_GetTcbSP                           0x00001f27   Thumb Code    14  tcbprocessor.o(.text)
    OsTcb_UpdateTCBSP                        0x00001f35   Thumb Code    36  tcbprocessor.o(.text)
    OsTcb_UpdatePSP                          0x00001f59   Thumb Code    56  tcbprocessor.o(.text)
    OsTcb_SilenceHook                        0x00001f91   Thumb Code     8  tcbprocessor.o(.text)
    OsTcb_ScheduleProcessor                  0x00001f99   Thumb Code    92  tcbprocessor.o(.text)
    OsTcb_ThreadStackOverFlow                0x00001ff5   Thumb Code    44  tcbprocessor.o(.text)
    OsPort_SetInitialStack                   0x0000219d   Thumb Code    90  portable.o(.text)
    OsPort_GetSVCNumber                      0x000021f7   Thumb Code    14  portable.o(.text)
    OsPort_GetPSP                            0x00002205   Thumb Code     8  portable.o(.text)
    OsPort_SetPSP                            0x0000220d   Thumb Code     6  portable.o(.text)
    OsPort_SetThreadMode                     0x00002213   Thumb Code    14  portable.o(.text)
    OsPort_CoreInit                          0x00002221   Thumb Code    14  portable.o(.text)
    rand                                     0x00002235   Thumb Code    20  rand.o(.text)
    srand                                    0x00002249   Thumb Code     6  rand.o(.text)
    __aeabi_uidiv                            0x00002259   Thumb Code     0  uidiv.o(.text)
    __aeabi_uidivmod                         0x00002259   Thumb Code    44  uidiv.o(.text)
    __scatterload                            0x00002285   Thumb Code    38  init.o(.text)
    __scatterload_rt2                        0x00002285   Thumb Code     0  init.o(.text)
    __0printf$3                              0x000022b5   Thumb Code    22  printf3.o(i.__0printf$3)
    __1printf$3                              0x000022b5   Thumb Code     0  printf3.o(i.__0printf$3)
    __2printf                                0x000022b5   Thumb Code     0  printf3.o(i.__0printf$3)
    __I$use$semihosting$fputc                0x000022b5   Thumb Code     0  iusesemip.o(.text)
    __semihosting_library_function           0x000022b5   Thumb Code     0  semi.o(.text)
    __scatterload_copy                       0x000022d5   Thumb Code    14  handlers.o(i.__scatterload_copy)
    __scatterload_null                       0x000022e3   Thumb Code     2  handlers.o(i.__scatterload_null)
    __scatterload_zeroinit                   0x000022e5   Thumb Code    14  handlers.o(i.__scatterload_zeroinit)
    fputc                                    0x000024ad   Thumb Code    18  fputc.o(i.fputc)
    OsCfg_ALL_STACK_SIZE                     0x000024be   Data           2  oscfg.o(.rodata.OsCfg_ALL_STACK_SIZE)
    OsCfg_MAX_NUM_OF_ALARMS                  0x000024c0   Data           1  oscfg.o(.rodata.OsCfg_MAX_NUM_OF_ALARMS)
    OsCfg_MAX_NUM_OF_RESOURCES               0x000024c1   Data           1  oscfg.o(.rodata.OsCfg_MAX_NUM_OF_RESOURCES)
    OsCfg_MAX_NUM_OF_TASKS                   0x000024c2   Data           1  oscfg.o(.rodata.OsCfg_MAX_NUM_OF_TASKS)
    OsCfg_ResourceCeilPri                    0x000024c3   Data           1  oscfg.o(.rodata.OsCfg_ResourceCeilPri)
    OsCfg_ResourceTaskAuthorized             0x000024c4   Data           1  oscfg.o(.rodata.OsCfg_ResourceTaskAuthorized)
    OsCfg_SYSTEM_TICK_IN_MS                  0x000024c8   Data           4  oscfg.o(.rodata.OsCfg_SYSTEM_TICK_IN_MS)
    OsCfg_StackSize                          0x000024cc   Data           8  oscfg.o(.rodata.OsCfg_StackSize)
    OsCfg_USE_ERROR_HOOK                     0x000024d4   Data           1  oscfg.o(.rodata.OsCfg_USE_ERROR_HOOK)
    OsCfg_USE_POSTTASK_HOOK                  0x000024d5   Data           1  oscfg.o(.rodata.OsCfg_USE_POSTTASK_HOOK)
    OsCfg_USE_PRETASK_HOOK                   0x000024d6   Data           1  oscfg.o(.rodata.OsCfg_USE_PRETASK_HOOK)
    OsCfg_USE_STACK_OVER_FLOW_HOOK           0x000024d7   Data           1  oscfg.o(.rodata.OsCfg_USE_STACK_OVER_FLOW_HOOK)
    OsCfg_USE_STARTUP_HOOK                   0x000024d8   Data           1  oscfg.o(.rodata.OsCfg_USE_STARTUP_HOOK)
    Region$$Table$$Base                      0x000024dc   Number         0  anon$$obj.o(Region$$Table)
    Region$$Table$$Limit                     0x000024fc   Number         0  anon$$obj.o(Region$$Table)
    Current_TCB_Ref                          0x20000010   Data           4  tcbprocessor.o(.data)
    __stdout                                 0x2000001c   Data           4  stdout.o(.data)
    MainCounter                              0x20000020   Data          12  oscfg.o(.data.MainCounter)
    OsCfg_Alarms                             0x2000002c   Data          24  oscfg.o(.data.OsCfg_Alarms)
    OsCfg_TCBs                               0x20000044   Data          84  oscfg.o(.data.OsCfg_TCBs)
    Actuator_Task_Toggle                     0x20000098   Data           4  osekintroii_example5.o(.bss.Actuator_Task_Toggle)
    OsCfg_Stack                              0x200000b0   Data         464  oscfg.o(.bss.OsCfg_Stack)
    RCB                                      0x20000285   Data           2  oscfg.o(.bss.RCB)
    ReadControlSignal_Task_Toggle            0x20000288   Data           4  osekintroii_example5.o(.bss.ReadControlSignal_Task_Toggle)
    Rte_FanSpeed                             0x2000028c   Data           2  rte_enginetemperatureactuator.o(.bss.Rte_FanSpeed)
    Rte_PumpSpeed                            0x2000028e   Data           2  rte_enginetemperatureactuator.o(.bss.Rte_PumpSpeed)
    Rte_WarningStatus                        0x20000290   Data           1  rte_enginetemperatureactuator.o(.bss.Rte_WarningStatus)
    SVCCnxt_ErrCodes                         0x20000291   Data           2  oscfg.o(.bss.SVCCnxt_ErrCodes)
    SVCCnxt_ResMgrCnxt                       0x20000293   Data           1  oscfg.o(.bss.SVCCnxt_ResMgrCnxt)
    dataFan                                  0x2000029a   Data           2  candriver.o(.bss.dataFan)
    dataLight                                0x2000029c   Data           1  candriver.o(.bss.dataLight)
    dataPump                                 0x2000029e   Data           2  candriver.o(.bss.dataPump)
    last_pwm_duty_cycle_channel0             0x200002d5   Data           1  pwm.o(.bss.last_pwm_duty_cycle_channel0)
    last_pwm_duty_cycle_channel1             0x200002d6   Data           1  pwm.o(.bss.last_pwm_duty_cycle_channel1)
    __initial_sp                             0x200004e0   Data           0  keiluvisoin_startup.o(STACK)



==============================================================================

Memory Map of the image

  Image Entry point : 0x000002ed

  Load Region LR_1 (Base: 0x00000000, Size: 0x00002594, Max: 0xffffffff, ABSOLUTE)

    Execution Region ER_RO (Exec base: 0x00000000, Load base: 0x00000000, Size: 0x000024fc, Max: 0xffffffff, ABSOLUTE)

    Exec Addr    Load Addr    Size         Type   Attr      Idx    E Section Name        Object

    0x00000000   0x00000000   0x0000026c   Data   RO           39    RESET               keiluvisoin_startup.o
    0x0000026c   0x0000026c   0x00000000   Code   RO          335  * .ARM.Collect$$$$00000000  mc_w.l(entry.o)
    0x0000026c   0x0000026c   0x00000004   Code   RO          602    .ARM.Collect$$$$00000001  mc_w.l(entry2.o)
    0x00000270   0x00000270   0x00000004   Code   RO          605    .ARM.Collect$$$$00000004  mc_w.l(entry5.o)
    0x00000274   0x00000274   0x00000000   Code   RO          607    .ARM.Collect$$$$00000008  mc_w.l(entry7b.o)
    0x00000274   0x00000274   0x00000000   Code   RO          609    .ARM.Collect$$$$0000000A  mc_w.l(entry8b.o)
    0x00000274   0x00000274   0x00000008   Code   RO          610    .ARM.Collect$$$$0000000B  mc_w.l(entry9a.o)
    0x0000027c   0x0000027c   0x00000000   Code   RO          612    .ARM.Collect$$$$0000000D  mc_w.l(entry10a.o)
    0x0000027c   0x0000027c   0x00000000   Code   RO          614    .ARM.Collect$$$$0000000F  mc_w.l(entry11a.o)
    0x0000027c   0x0000027c   0x00000004   Code   RO          603    .ARM.Collect$$$$00002712  mc_w.l(entry2.o)
    0x00000280   0x00000280   0x0000006c   Code   RO           29    .text               counter.o
    0x000002ec   0x000002ec   0x000000fc   Code   RO           40  * .text               keiluvisoin_startup.o
    0x000003e8   0x000003e8   0x00000012   Code   RO           46    .text               hook.o
    0x000003fa   0x000003fa   0x00000002   PAD
    0x000003fc   0x000003fc   0x000000b0   Code   RO           53    .text               osekintroii_example5.o
    0x000004ac   0x000004ac   0x000000e0   Code   RO           64    .text               canif.o
    0x0000058c   0x0000058c   0x000000aa   Code   RO           74    .text               iohwab_enginetempactuator.o
    0x00000636   0x00000636   0x00000002   PAD
    0x00000638   0x00000638   0x000000fa   Code   RO           82    .text               candriver.o
    0x00000732   0x00000732   0x00000002   PAD
    0x00000734   0x00000734   0x00000168   Code   RO           95    .text               dio.o
    0x0000089c   0x0000089c   0x00000128   Code   RO          105    .text               pwm.o
    0x000009c4   0x000009c4   0x00000144   Code   RO          117    .text               com.o
    0x00000b08   0x00000b08   0x000000b4   Code   RO          126    .text               pdu_r.o
    0x00000bbc   0x00000bbc   0x000001c4   Code   RO          135    .text               dem.o
    0x00000d80   0x00000d80   0x00000002   Code   RO          145    .text               det.o
    0x00000d82   0x00000d82   0x00000002   PAD
    0x00000d84   0x00000d84   0x000000b2   Code   RO          152    .text               rte_enginetemperatureactuator.o
    0x00000e36   0x00000e36   0x00000002   PAD
    0x00000e38   0x00000e38   0x00000146   Code   RO          163    .text               enginetemperatureactuator.o
    0x00000f7e   0x00000f7e   0x00000002   PAD
    0x00000f80   0x00000f80   0x000003e0   Code   RO          172    .text               OsekLib.lib(alarm.o)
    0x00001360   0x00001360   0x00000066   Code   RO          217    .text               OsekLib.lib(event.o)
    0x000013c6   0x000013c6   0x00000002   PAD
    0x000013c8   0x000013c8   0x0000016c   Code   RO          235    .text               OsekLib.lib(task.o)
    0x00001534   0x00001534   0x0000005a   Code   RO          262    .text               OsekLib.lib(port.o)
    0x0000158e   0x0000158e   0x00000002   PAD
    0x00001590   0x00001590   0x0000005c   Code   RO          265    .text               OsekLib.lib(errmgr.o)
    0x000015ec   0x000015ec   0x0000011c   Code   RO          279    .text               OsekLib.lib(rcbprocessor.o)
    0x00001708   0x00001708   0x00000058   Code   RO          291    .text               OsekLib.lib(svccontext.o)
    0x00001760   0x00001760   0x00000a3c   Code   RO          305    .text               OsekLib.lib(tcbprocessor.o)
    0x0000219c   0x0000219c   0x00000098   Code   RO          320    .text               OsekLib.lib(portable.o)
    0x00002234   0x00002234   0x00000024   Code   RO          338    .text               mc_w.l(rand.o)
    0x00002258   0x00002258   0x0000002c   Code   RO          630    .text               mc_w.l(uidiv.o)
    0x00002284   0x00002284   0x00000030   Code   RO          645    .text               mc_w.l(init.o)
    0x000022b4   0x000022b4   0x00000000   Code   RO          647    .text               mc_w.l(semi.o)
    0x000022b4   0x000022b4   0x00000000   Code   RO          654    .text               mc_w.l(iusesemip.o)
    0x000022b4   0x000022b4   0x00000020   Code   RO          430    i.__0printf$3       mc_w.l(printf3.o)
    0x000022d4   0x000022d4   0x0000000e   Code   RO          659    i.__scatterload_copy  mc_w.l(handlers.o)
    0x000022e2   0x000022e2   0x00000002   Code   RO          660    i.__scatterload_null  mc_w.l(handlers.o)
    0x000022e4   0x000022e4   0x0000000e   Code   RO          661    i.__scatterload_zeroinit  mc_w.l(handlers.o)
    0x000022f2   0x000022f2   0x00000002   PAD
    0x000022f4   0x000022f4   0x000001b8   Code   RO          437    i._printf_core      mc_w.l(printf3.o)
    0x000024ac   0x000024ac   0x00000012   Code   RO          616    i.fputc             mc_w.l(fputc.o)
    0x000024be   0x000024be   0x00000002   Data   RO            5    .rodata.OsCfg_ALL_STACK_SIZE  oscfg.o
    0x000024c0   0x000024c0   0x00000001   Data   RO            3    .rodata.OsCfg_MAX_NUM_OF_ALARMS  oscfg.o
    0x000024c1   0x000024c1   0x00000001   Data   RO            4    .rodata.OsCfg_MAX_NUM_OF_RESOURCES  oscfg.o
    0x000024c2   0x000024c2   0x00000001   Data   RO            2    .rodata.OsCfg_MAX_NUM_OF_TASKS  oscfg.o
    0x000024c3   0x000024c3   0x00000001   Data   RO           22    .rodata.OsCfg_ResourceCeilPri  oscfg.o
    0x000024c4   0x000024c4   0x00000001   Data   RO           21    .rodata.OsCfg_ResourceTaskAuthorized  oscfg.o
    0x000024c5   0x000024c5   0x00000003   PAD
    0x000024c8   0x000024c8   0x00000004   Data   RO           13    .rodata.OsCfg_SYSTEM_TICK_IN_MS  oscfg.o
    0x000024cc   0x000024cc   0x00000008   Data   RO           16    .rodata.OsCfg_StackSize  oscfg.o
    0x000024d4   0x000024d4   0x00000001   Data   RO            6    .rodata.OsCfg_USE_ERROR_HOOK  oscfg.o
    0x000024d5   0x000024d5   0x00000001   Data   RO            8    .rodata.OsCfg_USE_POSTTASK_HOOK  oscfg.o
    0x000024d6   0x000024d6   0x00000001   Data   RO            7    .rodata.OsCfg_USE_PRETASK_HOOK  oscfg.o
    0x000024d7   0x000024d7   0x00000001   Data   RO           10    .rodata.OsCfg_USE_STACK_OVER_FLOW_HOOK  oscfg.o
    0x000024d8   0x000024d8   0x00000001   Data   RO            9    .rodata.OsCfg_USE_STARTUP_HOOK  oscfg.o
    0x000024d9   0x000024d9   0x00000003   PAD
    0x000024dc   0x000024dc   0x00000020   Data   RO          658    Region$$Table       anon$$obj.o


    Execution Region ER_RW (Exec base: 0x20000000, Load base: 0x000024fc, Size: 0x00000098, Max: 0xffffffff, ABSOLUTE)

    Exec Addr    Load Addr    Size         Type   Attr      Idx    E Section Name        Object

    0x20000000   0x000024fc   0x0000000c   Data   RW          266    .data               OsekLib.lib(errmgr.o)
    0x2000000c   0x00002508   0x00000003   Data   RW          292    .data               OsekLib.lib(svccontext.o)
    0x2000000f   0x0000250b   0x00000001   PAD
    0x20000010   0x0000250c   0x00000006   Data   RW          306    .data               OsekLib.lib(tcbprocessor.o)
    0x20000016   0x00002512   0x00000002   PAD
    0x20000018   0x00002514   0x00000004   Data   RW          339    .data               mc_w.l(rand.o)
    0x2000001c   0x00002518   0x00000004   Data   RW          620    .data               mc_w.l(stdout.o)
    0x20000020   0x0000251c   0x0000000c   Data   RW           18    .data.MainCounter   oscfg.o
    0x2000002c   0x00002528   0x00000018   Data   RW           19    .data.OsCfg_Alarms  oscfg.o
    0x20000044   0x00002540   0x00000054   Data   RW           15    .data.OsCfg_TCBs    oscfg.o


    Execution Region ER_ZI (Exec base: 0x20000098, Load base: 0x00002594, Size: 0x00000448, Max: 0xffffffff, ABSOLUTE)

    Exec Addr    Load Addr    Size         Type   Attr      Idx    E Section Name        Object

    0x20000098        -       0x00000004   Zero   RW           56    .bss.Actuator_Task_Toggle  osekintroii_example5.o
    0x2000009c   0x00002594   0x00000004   PAD
    0x200000a0        -       0x00000008   Zero   RW           66    .bss.CanIf_Config   canif.o
    0x200000a8        -       0x00000001   Zero   RW           67    .bss.CanIf_State    canif.o
    0x200000a9        -       0x00000005   Zero   RW           85    .bss.Can_Read.sdu_data  candriver.o
    0x200000ae        -       0x00000001   Zero   RW           84    .bss.Can_State      candriver.o
    0x200000af   0x00002594   0x00000001   PAD
    0x200000b0        -       0x000001d0   Zero   RW           17    .bss.OsCfg_Stack    oscfg.o
    0x20000280        -       0x00000004   Zero   RW           31    .bss.OsCnt_SystemCounter  counter.o
    0x20000284        -       0x00000001   Zero   RW          128    .bss.PduR_State     pdu_r.o
    0x20000285        -       0x00000002   Zero   RW           24    .bss.RCB            oscfg.o
    0x20000287   0x00002594   0x00000001   PAD
    0x20000288        -       0x00000004   Zero   RW           55    .bss.ReadControlSignal_Task_Toggle  osekintroii_example5.o
    0x2000028c        -       0x00000002   Zero   RW          154    .bss.Rte_FanSpeed   rte_enginetemperatureactuator.o
    0x2000028e        -       0x00000002   Zero   RW          155    .bss.Rte_PumpSpeed  rte_enginetemperatureactuator.o
    0x20000290        -       0x00000001   Zero   RW          156    .bss.Rte_WarningStatus  rte_enginetemperatureactuator.o
    0x20000291        -       0x00000002   Zero   RW           20    .bss.SVCCnxt_ErrCodes  oscfg.o
    0x20000293        -       0x00000001   Zero   RW           23    .bss.SVCCnxt_ResMgrCnxt  oscfg.o
    0x20000294        -       0x00000006   Zero   RW           57    .bss.controlData    osekintroii_example5.o
    0x2000029a        -       0x00000002   Zero   RW           86    .bss.dataFan        candriver.o
    0x2000029c        -       0x00000001   Zero   RW           88    .bss.dataLight      candriver.o
    0x2000029d   0x00002594   0x00000001   PAD
    0x2000029e        -       0x00000002   Zero   RW           87    .bss.dataPump       candriver.o
    0x200002a0        -       0x00000008   Zero   RW           98    .bss.dio_channels   dio.o
    0x200002a8        -       0x00000028   Zero   RW          138    .bss.events         dem.o
    0x200002d0        -       0x00000001   Zero   RW           97    .bss.is_initialized  dio.o
    0x200002d1        -       0x00000001   Zero   RW          109    .bss.is_initialized  pwm.o
    0x200002d2        -       0x00000001   Zero   RW          119    .bss.is_initialized  com.o
    0x200002d3        -       0x00000001   Zero   RW          137    .bss.is_initialized  dem.o
    0x200002d4        -       0x00000001   Zero   RW          165    .bss.is_initialized  enginetemperatureactuator.o
    0x200002d5        -       0x00000001   Zero   RW          107    .bss.last_pwm_duty_cycle_channel0  pwm.o
    0x200002d6        -       0x00000001   Zero   RW          108    .bss.last_pwm_duty_cycle_channel1  pwm.o
    0x200002d7        -       0x00000002   Zero   RW          110    .bss.pwm_duty_cycles  pwm.o
    0x200002d9   0x00002594   0x00000007   PAD
    0x200002e0        -       0x00000200   Zero   RW           37    STACK               keiluvisoin_startup.o


==============================================================================

Image component sizes


      Code (inc. data)   RO Data    RW Data    ZI Data      Debug   Object Name

       250          0          0          0         11       2517   candriver.o
       224          0          0          0          9       2606   canif.o
       324          0          0          0          1       2782   com.o
       108          0          0          0          4        835   counter.o
       452        164          0          0         41       2333   dem.o
         2          0          0          0          0        784   det.o
       360        100          0          0          9       2097   dio.o
       326         52          0          0          1       3006   enginetemperatureactuator.o
        18          0          0          0          0        951   hook.o
       170          0          0          0          0       2440   iohwab_enginetempactuator.o
       252         10        620          0        512       5524   keiluvisoin_startup.o
         0          0         24        120        469       3100   oscfg.o
       176          0          0          0         14       2037   osekintroii_example5.o
       180          0          0          0          1       2497   pdu_r.o
       296          0          0          0          5       2220   pwm.o
       178          0          0          0          5       3186   rte_enginetemperatureactuator.o

    ----------------------------------------------------------------------
      3328        326        682        120       1096      38915   Object Totals
         0          0         32          0          0          0   (incl. Generated)
        12          0          6          0         14          0   (incl. Padding)

    ----------------------------------------------------------------------

      Code (inc. data)   RO Data    RW Data    ZI Data      Debug   Library Member Name

       992         20          0          0          0      14592   alarm.o
        92         22          0         12          0       2466   errmgr.o
       102          0          0          0          0       1477   event.o
        90          0          0          0          0        256   port.o
       152          6          0          0          0       1706   portable.o
       284         20          0          0          0        864   rcbprocessor.o
        88         18          0          3          0       2614   svccontext.o
       364         26          0          0          0       2647   task.o
      2620        112          0          6          0      10800   tcbprocessor.o
         0          0          0          0          0          0   entry.o
         0          0          0          0          0          0   entry10a.o
         0          0          0          0          0          0   entry11a.o
         8          4          0          0          0          0   entry2.o
         4          0          0          0          0          0   entry5.o
         0          0          0          0          0          0   entry7b.o
         0          0          0          0          0          0   entry8b.o
         8          4          0          0          0          0   entry9a.o
        18          0          0          0          0         80   fputc.o
        30          0          0          0          0          0   handlers.o
        48         10          0          0          0         68   init.o
         0          0          0          0          0          0   iusesemip.o
       472         14          0          0          0        184   printf3.o
        36         10          0          4          0        136   rand.o
         0          0          0          0          0          0   semi.o
         0          0          0          4          0          0   stdout.o
        44          0          0          0          0         80   uidiv.o

    ----------------------------------------------------------------------
      5458        266          0         32          0      37970   Library Totals
         6          0          0          3          0          0   (incl. Padding)

    ----------------------------------------------------------------------

      Code (inc. data)   RO Data    RW Data    ZI Data      Debug   Library Name

      4784        224          0         21          0      37422   OsekLib.lib
       668         42          0          8          0        548   mc_w.l

    ----------------------------------------------------------------------
      5458        266          0         32          0      37970   Library Totals

    ----------------------------------------------------------------------

==============================================================================


      Code (inc. data)   RO Data    RW Data    ZI Data      Debug   

      8786        592        682        152       1096      75997   Grand Totals
      8786        592        682        152       1096      75997   ELF Image Totals
      8786        592        682        152          0          0   ROM Totals

==============================================================================

    Total RO  Size (Code + RO Data)                 9468 (   9.25kB)
    Total RW  Size (RW Data + ZI Data)              1248 (   1.22kB)
    Total ROM Size (Code + RO Data + RW Data)       9620 (   9.39kB)

==============================================================================

