<html>
<body>
<pre>
<h1>µVision Build Log</h1>
<h2>Tool Versions:</h2>
IDE-Version: µVision V5.39.0.0
Copyright (C) 2023 ARM Ltd and ARM Germany GmbH. All rights reserved.
License Information: Tien Kha, 1, LIC=WHYH9-4I17T-TGC7T-R5YE8-3HTEW-XC82B
 
Tool Versions:
Toolchain:       MDK-ARM Plus  Version: 5.39.0.0
Toolchain Path:  C:\Keil_v5\ARM\ARMCLANG\Bin
C Compiler:      ArmClang.exe V6.21
Assembler:       Armasm.exe V6.21
Linker/Locator:  ArmLink.exe V6.21
Library Manager: ArmAr.exe V6.21
Hex Converter:   FromElf.exe V6.21
CPU DLL:         SARMCM3.DLL V5.39.0.0
Dialog DLL:      DCM.DLL V1.17.5.0
Target DLL:      UL2CM3.DLL V1.164.9.0
Dialog DLL:      TCM.DLL V1.56.4.0
 
<h2>Project:</h2>
D:\Khoa_hoc_udemy\OSEK RTOS II_Udemy\OSEK-OS-Course-II-Repo\KeilUvision\OsekIntroII_Example6 - Copy\OsekIntroII_Example6.uvprojx
Project File Date:  03/11/2025

<h2>Output:</h2>
*** Using Compiler 'V6.21', folder: 'C:\Keil_v5\ARM\ARMCLANG\Bin'
Rebuild target 'Target 1'
compiling hook.c...
compiling OsekIntroII_Example6.c...
compiling Can.c...
compiling OsCfg.c...
compiling Det.c...
compiling counter.c...
compiling IoHwAb_AirTempSensor.c...
compiling Adc.c...
compiling IoHwAb_EngineTempSensor.c...
compiling CanIf.c...
assembling keilUvisoin_startup.s...
compiling Com.c...
D:/Mock_Autosar_Project_V6_3/EngineCoolingSystem/ECU1/BSW/Services/Dcm.c(47): warning: GCC does not allow variable declarations in for loop initializers before C99 [-Wgcc-compat]
   47 |     for (VAR(uint8, AUTOMATIC) i = 0; i < request->dataLength; i++) {
      |              ^
D:/Mock_Autosar_Project_V6_3/EngineCoolingSystem/ECU1/BSW/Services/Dcm.c(54): warning: implicitly declaring library function 'malloc' with type 'void *(unsigned int)' [-Wimplicit-function-declaration]
   54 |     response->data = (P2VAR(uint8, DCM_VAR, AUTOMATIC))malloc(response->dataLength * sizeof(uint8));
      |                                                        ^
D:/Mock_Autosar_Project_V6_3/EngineCoolingSystem/ECU1/BSW/Services/Dcm.c(54): note: include the header <stdlib.h> or explicitly provide a declaration for 'malloc'
D:/Mock_Autosar_Project_V6_3/EngineCoolingSystem/ECU1/BSW/Services/Dcm.c(65): warning: GCC does not allow variable declarations in for loop initializers before C99 [-Wgcc-compat]
   65 |     for (VAR(uint8, AUTOMATIC) j = 0; j < response->dataLength; j++) {
      |              ^
3 warnings generated.
compiling Dcm.c...
compiling Dem.c...
compiling Nvm.c...
compiling Rte_EngineTemperatureSensor.c...
compiling Rte_Parameter.c...
compiling Rte_NVBlock.c...
D:/Mock_Autosar_Project_V6_3/EngineCoolingSystem/ECU1/RTE/Rte_EngineTemperatureControl.c(207): warning: incompatible pointer types passing 'uint8 *' (aka 'unsigned char *') to parameter of type 'uint16 *' (aka 'unsigned short *') [-Wincompatible-pointer-types]
  207 |     status = Rte_Read_RP_EngineTemperatureControl_WarningLight(&combinedData.warningStatus);
      |                                                                ^~~~~~~~~~~~~~~~~~~~~~~~~~~
D:/Mock_Autosar_Project_V6_3/EngineCoolingSystem/ECU1/RTE/Rte_EngineTemperatureControl.c(179): note: passing argument to parameter 'warningStatus' here
  179 | Rte_Read_RP_EngineTemperatureControl_WarningLight(P2VAR(uint16, AUTOMATIC, RTE_APPL_DATA) warningStatus) {
      |                                                                                           ^
1 warning generated.
compiling Rte_EngineTemperatureControl.c...
compiling EngineTemperatureSensor.c...
compiling EngineTemperatureControl.c...
compiling NVBlock.c...
compiling Parameter.c...
compiling WdgIf.c...
compiling WdgM.c...
compiling PDU_R.c...
compiling Wdg.c...
compiling Rte_Wdg.c...
linking...
Program Size: Code=9292 RO-data=684 RW-data=228 ZI-data=1264  
".\build_files\OsekIntro_Example6.axf" - 0 Error(s), 4 Warning(s).

<h2>Software Packages used:</h2>

Package Vendor: ARM
                http://www.keil.com/pack/ARM.CMSIS.5.9.0.pack
                ARM::CMSIS@5.9.0
                CMSIS (Common Microcontroller Software Interface Standard)
   * Component: CORE Version: 5.6.0

Package Vendor: Keil
                http://www.keil.com/pack/Keil.TM4C_DFP.1.1.0.pack
                Keil::TM4C_DFP@1.1.0
                Texas Instruments Tiva C Series Device Support and Examples

<h2>Collection of Component include folders:</h2>
  ./RTE/_Target_1
  C:/Users/Admin/AppData/Local/Arm/Packs/ARM/CMSIS/5.9.0/CMSIS/Core/Include
  C:/Users/Admin/AppData/Local/Arm/Packs/Keil/TM4C_DFP/1.1.0/Device/Include/TM4C123

<h2>Collection of Component Files used:</h2>

   * Component: ARM::CMSIS:CORE@5.6.0
Build Time Elapsed:  00:00:01
</pre>
</body>
</html>
